Archive member included to satisfy reference by file (symbol)

e:/arm-gnu/arm/bin/../lib/gcc/arm-none-eabi/10.3.1/../../../../arm-none-eabi/lib/thumb/v7e-m+fp/hard\libc_nano.a(lib_a-errno.o)
                              build/sysmem.o (__errno)
e:/arm-gnu/arm/bin/../lib/gcc/arm-none-eabi/10.3.1/../../../../arm-none-eabi/lib/thumb/v7e-m+fp/hard\libc_nano.a(lib_a-exit.o)
                              e:/arm-gnu/arm/bin/../lib/gcc/arm-none-eabi/10.3.1/../../../../arm-none-eabi/lib/thumb/v7e-m+fp/hard/crt0.o (exit)
e:/arm-gnu/arm/bin/../lib/gcc/arm-none-eabi/10.3.1/../../../../arm-none-eabi/lib/thumb/v7e-m+fp/hard\libc_nano.a(lib_a-impure.o)
                              e:/arm-gnu/arm/bin/../lib/gcc/arm-none-eabi/10.3.1/../../../../arm-none-eabi/lib/thumb/v7e-m+fp/hard\libc_nano.a(lib_a-exit.o) (_global_impure_ptr)
e:/arm-gnu/arm/bin/../lib/gcc/arm-none-eabi/10.3.1/../../../../arm-none-eabi/lib/thumb/v7e-m+fp/hard\libc_nano.a(lib_a-init.o)
                              e:/arm-gnu/arm/bin/../lib/gcc/arm-none-eabi/10.3.1/../../../../arm-none-eabi/lib/thumb/v7e-m+fp/hard/crt0.o (__libc_init_array)
e:/arm-gnu/arm/bin/../lib/gcc/arm-none-eabi/10.3.1/../../../../arm-none-eabi/lib/thumb/v7e-m+fp/hard\libc_nano.a(lib_a-memcpy-stub.o)
                              build/queue.o (memcpy)
e:/arm-gnu/arm/bin/../lib/gcc/arm-none-eabi/10.3.1/../../../../arm-none-eabi/lib/thumb/v7e-m+fp/hard\libc_nano.a(lib_a-memset.o)
                              e:/arm-gnu/arm/bin/../lib/gcc/arm-none-eabi/10.3.1/../../../../arm-none-eabi/lib/thumb/v7e-m+fp/hard/crt0.o (memset)
e:/arm-gnu/arm/bin/../lib/gcc/arm-none-eabi/10.3.1/../../../../arm-none-eabi/lib/thumb/v7e-m+fp/hard\libc_nano.a(lib_a-vsprintf.o)
                              build/bsp_usart.o (vsprintf)
e:/arm-gnu/arm/bin/../lib/gcc/arm-none-eabi/10.3.1/../../../../arm-none-eabi/lib/thumb/v7e-m+fp/hard\libc_nano.a(lib_a-nano-svfprintf.o)
                              e:/arm-gnu/arm/bin/../lib/gcc/arm-none-eabi/10.3.1/../../../../arm-none-eabi/lib/thumb/v7e-m+fp/hard\libc_nano.a(lib_a-vsprintf.o) (_svfprintf_r)
e:/arm-gnu/arm/bin/../lib/gcc/arm-none-eabi/10.3.1/../../../../arm-none-eabi/lib/thumb/v7e-m+fp/hard\libc_nano.a(lib_a-nano-vfprintf_i.o)
                              e:/arm-gnu/arm/bin/../lib/gcc/arm-none-eabi/10.3.1/../../../../arm-none-eabi/lib/thumb/v7e-m+fp/hard\libc_nano.a(lib_a-nano-svfprintf.o) (_printf_i)
e:/arm-gnu/arm/bin/../lib/gcc/arm-none-eabi/10.3.1/../../../../arm-none-eabi/lib/thumb/v7e-m+fp/hard\libc_nano.a(lib_a-memchr.o)
                              e:/arm-gnu/arm/bin/../lib/gcc/arm-none-eabi/10.3.1/../../../../arm-none-eabi/lib/thumb/v7e-m+fp/hard\libc_nano.a(lib_a-nano-svfprintf.o) (memchr)
e:/arm-gnu/arm/bin/../lib/gcc/arm-none-eabi/10.3.1/../../../../arm-none-eabi/lib/thumb/v7e-m+fp/hard\libc_nano.a(lib_a-memmove.o)
                              e:/arm-gnu/arm/bin/../lib/gcc/arm-none-eabi/10.3.1/../../../../arm-none-eabi/lib/thumb/v7e-m+fp/hard\libc_nano.a(lib_a-nano-svfprintf.o) (memmove)
e:/arm-gnu/arm/bin/../lib/gcc/arm-none-eabi/10.3.1/../../../../arm-none-eabi/lib/thumb/v7e-m+fp/hard\libc_nano.a(lib_a-nano-freer.o)
                              e:/arm-gnu/arm/bin/../lib/gcc/arm-none-eabi/10.3.1/../../../../arm-none-eabi/lib/thumb/v7e-m+fp/hard\libc_nano.a(lib_a-nano-svfprintf.o) (_free_r)
e:/arm-gnu/arm/bin/../lib/gcc/arm-none-eabi/10.3.1/../../../../arm-none-eabi/lib/thumb/v7e-m+fp/hard\libc_nano.a(lib_a-nano-mallocr.o)
                              e:/arm-gnu/arm/bin/../lib/gcc/arm-none-eabi/10.3.1/../../../../arm-none-eabi/lib/thumb/v7e-m+fp/hard\libc_nano.a(lib_a-nano-svfprintf.o) (_malloc_r)
e:/arm-gnu/arm/bin/../lib/gcc/arm-none-eabi/10.3.1/../../../../arm-none-eabi/lib/thumb/v7e-m+fp/hard\libc_nano.a(lib_a-nano-reallocr.o)
                              e:/arm-gnu/arm/bin/../lib/gcc/arm-none-eabi/10.3.1/../../../../arm-none-eabi/lib/thumb/v7e-m+fp/hard\libc_nano.a(lib_a-nano-svfprintf.o) (_realloc_r)
e:/arm-gnu/arm/bin/../lib/gcc/arm-none-eabi/10.3.1/../../../../arm-none-eabi/lib/thumb/v7e-m+fp/hard\libc_nano.a(lib_a-sbrkr.o)
                              e:/arm-gnu/arm/bin/../lib/gcc/arm-none-eabi/10.3.1/../../../../arm-none-eabi/lib/thumb/v7e-m+fp/hard\libc_nano.a(lib_a-nano-mallocr.o) (_sbrk_r)
e:/arm-gnu/arm/bin/../lib/gcc/arm-none-eabi/10.3.1/../../../../arm-none-eabi/lib/thumb/v7e-m+fp/hard\libc_nano.a(lib_a-mlock.o)
                              e:/arm-gnu/arm/bin/../lib/gcc/arm-none-eabi/10.3.1/../../../../arm-none-eabi/lib/thumb/v7e-m+fp/hard\libc_nano.a(lib_a-nano-freer.o) (__malloc_lock)
e:/arm-gnu/arm/bin/../lib/gcc/arm-none-eabi/10.3.1/../../../../arm-none-eabi/lib/thumb/v7e-m+fp/hard\libc_nano.a(lib_a-nano-msizer.o)
                              e:/arm-gnu/arm/bin/../lib/gcc/arm-none-eabi/10.3.1/../../../../arm-none-eabi/lib/thumb/v7e-m+fp/hard\libc_nano.a(lib_a-nano-reallocr.o) (_malloc_usable_size_r)
[...]
Memory Configuration

Name             Origin             Length             Attributes
RAM              0x20000000         0x00020000         xrw
CCMRAM           0x10000000         0x00010000         xrw
FLASH            0x08000000         0x00100000         xr
*default*        0x00000000         0xffffffff

Linker script and memory map

LOAD e:/arm-gnu/arm/bin/../lib/gcc/arm-none-eabi/10.3.1/thumb/v7e-m+fp/hard/crti.o
LOAD e:/arm-gnu/arm/bin/../lib/gcc/arm-none-eabi/10.3.1/thumb/v7e-m+fp/hard/crtbegin.o
LOAD e:/arm-gnu/arm/bin/../lib/gcc/arm-none-eabi/10.3.1/../../../../arm-none-eabi/lib/thumb/v7e-m+fp/hard/crt0.o
LOAD build/main.o
LOAD build/gpio.o
LOAD build/freertos.o
LOAD build/dma.o
LOAD build/usart.o
LOAD build/stm32f4xx_it.o
LOAD build/stm32f4xx_hal_msp.o
LOAD build/stm32f4xx_hal_rcc.o
LOAD build/stm32f4xx_hal_rcc_ex.o
LOAD build/stm32f4xx_hal_flash.o
LOAD build/stm32f4xx_hal_flash_ex.o
LOAD build/stm32f4xx_hal_flash_ramfunc.o
LOAD build/stm32f4xx_hal_gpio.o
LOAD build/stm32f4xx_hal_dma_ex.o
LOAD build/stm32f4xx_hal_dma.o
LOAD build/stm32f4xx_hal_pwr.o
LOAD build/stm32f4xx_hal_pwr_ex.o
LOAD build/stm32f4xx_hal_cortex.o
LOAD build/stm32f4xx_hal.o
LOAD build/stm32f4xx_hal_exti.o
LOAD build/stm32f4xx_hal_tim.o
LOAD build/stm32f4xx_hal_tim_ex.o
LOAD build/stm32f4xx_hal_uart.o
LOAD build/system_stm32f4xx.o
LOAD build/croutine.o
LOAD build/event_groups.o
LOAD build/list.o
LOAD build/queue.o
LOAD build/stream_buffer.o
LOAD build/tasks.o
LOAD build/timers.o
LOAD build/cmsis_os.o
LOAD build/heap_4.o
LOAD build/port.o
LOAD build/sysmem.o
LOAD build/syscalls.o
LOAD build/RC_task.o
LOAD build/bsp_usart.o
LOAD build/startup_stm32f407xx.o
LOAD e:/arm-gnu/arm/bin/../lib/gcc/arm-none-eabi/10.3.1/../../../../arm-none-eabi/lib/thumb/v7e-m+fp/hard\libc_nano.a
LOAD e:/arm-gnu/arm/bin/../lib/gcc/arm-none-eabi/10.3.1/../../../../arm-none-eabi/lib/thumb/v7e-m+fp/hard\libm.a
LOAD e:/arm-gnu/arm/bin/../lib/gcc/arm-none-eabi/10.3.1/../../../../arm-none-eabi/lib/thumb/v7e-m+fp/hard\libnosys.a
START GROUP
LOAD e:/arm-gnu/arm/bin/../lib/gcc/arm-none-eabi/10.3.1/thumb/v7e-m+fp/hard\libgcc.a
LOAD e:/arm-gnu/arm/bin/../lib/gcc/arm-none-eabi/10.3.1/../../../../arm-none-eabi/lib/thumb/v7e-m+fp/hard\libc_nano.a
END GROUP
START GROUP
LOAD e:/arm-gnu/arm/bin/../lib/gcc/arm-none-eabi/10.3.1/thumb/v7e-m+fp/hard\libgcc.a
LOAD e:/arm-gnu/arm/bin/../lib/gcc/arm-none-eabi/10.3.1/../../../../arm-none-eabi/lib/thumb/v7e-m+fp/hard\libc_nano.a
END GROUP
LOAD e:/arm-gnu/arm/bin/../lib/gcc/arm-none-eabi/10.3.1/thumb/v7e-m+fp/hard/crtend.o
LOAD e:/arm-gnu/arm/bin/../lib/gcc/arm-none-eabi/10.3.1/thumb/v7e-m+fp/hard/crtn.o
                0x20020000                _estack = (ORIGIN (RAM) + LENGTH (RAM))
                0x00000200                _Min_Heap_Size = 0x200
                0x00000400                _Min_Stack_Size = 0x400

.isr_vector     0x08000000      0x188
                0x08000000                . = ALIGN (0x4)
 *(.isr_vector)
 .isr_vector    0x08000000      0x188 build/startup_stm32f407xx.o
                0x08000000                g_pfnVectors
                0x08000188                . = ALIGN (0x4)

.text           0x08000190     0x3834
                0x08000190                . = ALIGN (0x4)
 *(.text)
 .text          0x08000190       0x40 e:/arm-gnu/arm/bin/../lib/gcc/arm-none-eabi/10.3.1/thumb/v7e-m+fp/hard/crtbegin.o
 .text          0x080001d0       0xa0 e:/arm-gnu/arm/bin/../lib/gcc/arm-none-eabi/10.3.1/../../../../arm-none-eabi/lib/thumb/v7e-m+fp/hard\libc_nano.a(lib_a-memchr.o)
                0x080001d0                memchr
 .text          0x08000270       0x30 e:/arm-gnu/arm/bin/../lib/gcc/arm-none-eabi/10.3.1/thumb/v7e-m+fp/hard\libgcc.a(_aeabi_uldivmod.o)
                0x08000270                __aeabi_uldivmod
 .text          0x080002a0      0x2d0 e:/arm-gnu/arm/bin/../lib/gcc/arm-none-eabi/10.3.1/thumb/v7e-m+fp/hard\libgcc.a(_udivmoddi4.o)
                0x080002a0                __udivmoddi4
 .text          0x08000570        0x4 e:/arm-gnu/arm/bin/../lib/gcc/arm-none-eabi/10.3.1/thumb/v7e-m+fp/hard\libgcc.a(_dvmd_tls.o)
                0x08000570                __aeabi_idiv0
                0x08000570                __aeabi_ldiv0
 *(.text*)
 .text.Error_Handler
                0x08000574        0x4 build/main.o
                0x08000574                Error_Handler
 .text.SystemClock_Config
                0x08000578       0xa8 build/main.o
                0x08000578                SystemClock_Config
 .text.main     0x08000620       0x24 build/main.o
                0x08000620                main
 .text.MX_GPIO_Init
                0x08000644       0x94 build/gpio.o
                0x08000644                MX_GPIO_Init
 .text.StartDefaultTask
                0x080006d8        0xa build/freertos.o
                0x080006d8                StartDefaultTask
 *fill*         0x080006e2        0x2 
 .text.vApplicationGetIdleTaskMemory
                0x080006e4       0x18 build/freertos.o
                0x080006e4                vApplicationGetIdleTaskMemory
 .text.MX_FREERTOS_Init
                0x080006fc       0x5c build/freertos.o
                0x080006fc                MX_FREERTOS_Init
 .text.MX_DMA_Init
                0x08000758       0x58 build/dma.o
                0x08000758                MX_DMA_Init
 .text.MX_USART1_UART_Init
                0x080007b0       0x34 build/usart.o
                0x080007b0                MX_USART1_UART_Init
 .text.MX_USART3_UART_Init
                0x080007e4       0x38 build/usart.o
                0x080007e4                MX_USART3_UART_Init
 .text.HAL_UART_MspInit
                0x0800081c      0x164 build/usart.o
                0x0800081c                HAL_UART_MspInit
 .text.NMI_Handler
                0x08000980        0x2 build/stm32f4xx_it.o
                0x08000980                NMI_Handler
 .text.HardFault_Handler
                0x08000982        0x2 build/stm32f4xx_it.o
                0x08000982                HardFault_Handler
 .text.MemManage_Handler
                0x08000984        0x2 build/stm32f4xx_it.o
                0x08000984                MemManage_Handler
 .text.BusFault_Handler
                0x08000986        0x2 build/stm32f4xx_it.o
                0x08000986                BusFault_Handler
 .text.UsageFault_Handler
                0x08000988        0x2 build/stm32f4xx_it.o
                0x08000988                UsageFault_Handler
 .text.DebugMon_Handler
                0x0800098a        0x2 build/stm32f4xx_it.o
                0x0800098a                DebugMon_Handler
 .text.SysTick_Handler
                0x0800098c       0x16 build/stm32f4xx_it.o
                0x0800098c                SysTick_Handler
 *fill*         0x080009a2        0x2 
 .text.DMA1_Stream1_IRQHandler
                0x080009a4       0x10 build/stm32f4xx_it.o
                0x080009a4                DMA1_Stream1_IRQHandler
 .text.USART1_IRQHandler
                0x080009b4       0x10 build/stm32f4xx_it.o
                0x080009b4                USART1_IRQHandler
 .text.DMA2_Stream7_IRQHandler
                0x080009c4       0x10 build/stm32f4xx_it.o
                0x080009c4                DMA2_Stream7_IRQHandler
 .text.HAL_MspInit
                0x080009d4       0x44 build/stm32f4xx_hal_msp.o
                0x080009d4                HAL_MspInit
 .text.HAL_RCC_OscConfig
                0x08000a18      0x3f8 build/stm32f4xx_hal_rcc.o
                0x08000a18                HAL_RCC_OscConfig
 .text.HAL_RCC_GetSysClockFreq
                0x08000e10       0xa4 build/stm32f4xx_hal_rcc.o
                0x08000e10                HAL_RCC_GetSysClockFreq
 .text.HAL_RCC_ClockConfig
                0x08000eb4      0x160 build/stm32f4xx_hal_rcc.o
                0x08000eb4                HAL_RCC_ClockConfig
 .text.HAL_RCC_GetHCLKFreq
                0x08001014        0xc build/stm32f4xx_hal_rcc.o
                0x08001014                HAL_RCC_GetHCLKFreq
 .text.HAL_RCC_GetPCLK1Freq
                0x08001020       0x20 build/stm32f4xx_hal_rcc.o
                0x08001020                HAL_RCC_GetPCLK1Freq
 .text.HAL_RCC_GetPCLK2Freq
                0x08001040       0x20 build/stm32f4xx_hal_rcc.o
                0x08001040                HAL_RCC_GetPCLK2Freq
 .text.HAL_GPIO_Init
                0x08001060      0x1e4 build/stm32f4xx_hal_gpio.o
                0x08001060                HAL_GPIO_Init
 .text.HAL_GPIO_WritePin
                0x08001244        0xc build/stm32f4xx_hal_gpio.o
                0x08001244                HAL_GPIO_WritePin
 .text.DMA_CalcBaseAndBitshift
                0x08001250       0x44 build/stm32f4xx_hal_dma.o
 .text.DMA_CheckFifoParam
                0x08001294       0x8e build/stm32f4xx_hal_dma.o
 *fill*         0x08001322        0x2 
 .text.HAL_DMA_Init
                0x08001324       0xcc build/stm32f4xx_hal_dma.o
                0x08001324                HAL_DMA_Init
 .text.HAL_DMA_Abort
                0x080013f0       0x94 build/stm32f4xx_hal_dma.o
                0x080013f0                HAL_DMA_Abort
 .text.HAL_DMA_Abort_IT
                0x08001484       0x26 build/stm32f4xx_hal_dma.o
                0x08001484                HAL_DMA_Abort_IT
 *fill*         0x080014aa        0x2 
 .text.HAL_DMA_IRQHandler
                0x080014ac      0x1dc build/stm32f4xx_hal_dma.o
                0x080014ac                HAL_DMA_IRQHandler
 .text.HAL_NVIC_SetPriorityGrouping
                0x08001688       0x24 build/stm32f4xx_hal_cortex.o
                0x08001688                HAL_NVIC_SetPriorityGrouping
 .text.HAL_NVIC_SetPriority
                0x080016ac       0x70 build/stm32f4xx_hal_cortex.o
                0x080016ac                HAL_NVIC_SetPriority
 .text.HAL_NVIC_EnableIRQ
                0x0800171c       0x1c build/stm32f4xx_hal_cortex.o
                0x0800171c                HAL_NVIC_EnableIRQ
 .text.HAL_SYSTICK_Config
                0x08001738       0x28 build/stm32f4xx_hal_cortex.o
                0x08001738                HAL_SYSTICK_Config
 .text.HAL_InitTick
                0x08001760       0x4c build/stm32f4xx_hal.o
                0x08001760                HAL_InitTick
 .text.HAL_Init
                0x080017ac       0x34 build/stm32f4xx_hal.o
                0x080017ac                HAL_Init
 .text.HAL_IncTick
                0x080017e0       0x18 build/stm32f4xx_hal.o
                0x080017e0                HAL_IncTick
 .text.HAL_GetTick
                0x080017f8        0xc build/stm32f4xx_hal.o
                0x080017f8                HAL_GetTick
 .text.HAL_Delay
                0x08001804       0x28 build/stm32f4xx_hal.o
                0x08001804                HAL_Delay
 .text.UART_EndRxTransfer
                0x0800182c       0x5c build/stm32f4xx_hal_uart.o
 .text.UART_Transmit_IT
                0x08001888       0x60 build/stm32f4xx_hal_uart.o
 .text.UART_SetConfig
                0x080018e8      0x110 build/stm32f4xx_hal_uart.o
 .text.HAL_UART_Init
                0x080019f8       0x60 build/stm32f4xx_hal_uart.o
                0x080019f8                HAL_UART_Init
 .text.HAL_UART_TxCpltCallback
                0x08001a58        0x2 build/stm32f4xx_hal_uart.o
                0x08001a58                HAL_UART_TxCpltCallback
 .text.UART_EndTransmit_IT
                0x08001a5a       0x1a build/stm32f4xx_hal_uart.o
 .text.HAL_UART_RxCpltCallback
                0x08001a74        0x2 build/stm32f4xx_hal_uart.o
                0x08001a74                HAL_UART_RxCpltCallback
 .text.HAL_UART_ErrorCallback
                0x08001a76        0x2 build/stm32f4xx_hal_uart.o
                0x08001a76                HAL_UART_ErrorCallback
 .text.UART_DMAAbortOnError
                0x08001a78       0x10 build/stm32f4xx_hal_uart.o
 .text.HAL_UARTEx_RxEventCallback
                0x08001a88        0x2 build/stm32f4xx_hal_uart.o
                0x08001a88                HAL_UARTEx_RxEventCallback
 .text.UART_Receive_IT
                0x08001a8a       0xe6 build/stm32f4xx_hal_uart.o
 .text.HAL_UART_IRQHandler
                0x08001b70      0x288 build/stm32f4xx_hal_uart.o
                0x08001b70                HAL_UART_IRQHandler
 .text.SystemInit
                0x08001df8       0x14 build/system_stm32f4xx.o
                0x08001df8                SystemInit
 .text.vListInitialise
                0x08001e0c       0x16 build/list.o
                0x08001e0c                vListInitialise
 .text.vListInitialiseItem
                0x08001e22        0x6 build/list.o
                0x08001e22                vListInitialiseItem
 .text.vListInsertEnd
                0x08001e28       0x16 build/list.o
                0x08001e28                vListInsertEnd
 .text.vListInsert
                0x08001e3e       0x32 build/list.o
                0x08001e3e                vListInsert
 .text.uxListRemove
                0x08001e70       0x26 build/list.o
                0x08001e70                uxListRemove
 *fill*         0x08001e96        0x2 
 .text.prvResetNextTaskUnblockTime
                0x08001e98       0x2c build/tasks.o
 .text.prvInitialiseNewTask
                0x08001ec4       0xa2 build/tasks.o
 *fill*         0x08001f66        0x2 
 .text.prvInitialiseTaskLists
                0x08001f68       0x68 build/tasks.o
 .text.prvAddNewTaskToReadyList
                0x08001fd0       0xa8 build/tasks.o
 .text.prvDeleteTCB
                0x08002078       0x38 build/tasks.o
 .text.prvCheckTasksWaitingTermination
                0x080020b0       0x4c build/tasks.o
 .text.prvIdleTask
                0x080020fc       0x28 build/tasks.o
 .text.prvAddCurrentTaskToDelayedList
                0x08002124       0x98 build/tasks.o
 .text.xTaskCreateStatic
                0x080021bc       0x76 build/tasks.o
                0x080021bc                xTaskCreateStatic
 .text.xTaskCreate
                0x08002232       0x68 build/tasks.o
                0x08002232                xTaskCreate
 *fill*         0x0800229a        0x2 
 .text.vTaskStartScheduler
                0x0800229c       0x74 build/tasks.o
                0x0800229c                vTaskStartScheduler
 .text.vTaskSuspendAll
                0x08002310       0x10 build/tasks.o
                0x08002310                vTaskSuspendAll
 .text.xTaskIncrementTick
                0x08002320      0x118 build/tasks.o
                0x08002320                xTaskIncrementTick
 .text.xTaskResumeAll
                0x08002438       0xf8 build/tasks.o
                0x08002438                xTaskResumeAll
 .text.vTaskDelay
                0x08002530       0x4c build/tasks.o
                0x08002530                vTaskDelay
 .text.vTaskSwitchContext
                0x0800257c       0x98 build/tasks.o
                0x0800257c                vTaskSwitchContext
 .text.xTaskGetSchedulerState
                0x08002614       0x20 build/tasks.o
                0x08002614                xTaskGetSchedulerState
 .text.makeFreeRtosPriority
                0x08002634        0xc build/cmsis_os.o
 .text.osKernelStart
                0x08002640        0xa build/cmsis_os.o
                0x08002640                osKernelStart
 .text.osThreadCreate
                0x0800264a       0x6a build/cmsis_os.o
                0x0800264a                osThreadCreate
 .text.osDelay  0x080026b4        0xe build/cmsis_os.o
                0x080026b4                osDelay
 *fill*         0x080026c2        0x2 
 .text.prvHeapInit
                0x080026c4       0x64 build/heap_4.o
 .text.prvInsertBlockIntoFreeList
                0x08002728       0x64 build/heap_4.o
 .text.pvPortMalloc
                0x0800278c       0xfc build/heap_4.o
                0x0800278c                pvPortMalloc
 .text.vPortFree
                0x08002888       0x7c build/heap_4.o
                0x08002888                vPortFree
 .text.prvTaskExitError
                0x08002904       0x40 build/port.o
 .text.prvPortStartFirstTask
                0x08002944       0x28 build/port.o
 .text.vPortEnableVFP
                0x0800296c       0x14 build/port.o
 .text.pxPortInitialiseStack
                0x08002980       0x2c build/port.o
                0x08002980                pxPortInitialiseStack
 *fill*         0x080029ac        0x4 
 .text.SVC_Handler
                0x080029b0       0x24 build/port.o
                0x080029b0                SVC_Handler
 .text.vPortEnterCritical
                0x080029d4       0x44 build/port.o
                0x080029d4                vPortEnterCritical
 .text.vPortExitCritical
                0x08002a18       0x2c build/port.o
                0x08002a18                vPortExitCritical
 *fill*         0x08002a44        0xc 
 .text.PendSV_Handler
                0x08002a50       0x64 build/port.o
                0x08002a50                PendSV_Handler
 .text.xPortSysTickHandler
                0x08002ab4       0x2c build/port.o
                0x08002ab4                xPortSysTickHandler
 .text.vPortSetupTimerInterrupt
                0x08002ae0       0x28 build/port.o
                0x08002ae0                vPortSetupTimerInterrupt
 .text.xPortStartScheduler
                0x08002b08      0x118 build/port.o
                0x08002b08                xPortStartScheduler
 .text._sbrk    0x08002c20       0x48 build/sysmem.o
                0x08002c20                _sbrk
 .text.sbus_to_rc
                0x08002c68       0xc6 build/RC_task.o
 *fill*         0x08002d2e        0x2 
 .text.RC_init  0x08002d30       0x68 build/RC_task.o
                0x08002d30                RC_init
 .text.get_remote_control_point
                0x08002d98        0x8 build/RC_task.o
                0x08002d98                get_remote_control_point
 .text.RC_task  0x08002da0       0x88 build/RC_task.o
                0x08002da0                RC_task
 .text.USART3_IRQHandler
                0x08002e28       0xe4 build/RC_task.o
                0x08002e28                USART3_IRQHandler
 .text.usart1_tx_dma_init
                0x08002f0c       0x14 build/bsp_usart.o
                0x08002f0c                usart1_tx_dma_init
 .text.usart1_tx_dma_enable
                0x08002f20       0xc0 build/bsp_usart.o
                0x08002f20                usart1_tx_dma_enable
 .text.bsp_uart_send_printf
                0x08002fe0       0x38 build/bsp_usart.o
                0x08002fe0                bsp_uart_send_printf
 .text.Reset_Handler
                0x08003018       0x50 build/startup_stm32f407xx.o
                0x08003018                Reset_Handler
 .text.Default_Handler
                0x08003068        0x2 build/startup_stm32f407xx.o
                0x08003068                RTC_Alarm_IRQHandler
                0x08003068                HASH_RNG_IRQHandler
                0x08003068                EXTI2_IRQHandler
                0x08003068                TIM8_CC_IRQHandler
                0x08003068                TIM1_CC_IRQHandler
                0x08003068                DMA2_Stream5_IRQHandler
                0x08003068                DMA1_Stream5_IRQHandler
                0x08003068                PVD_IRQHandler
                0x08003068                SDIO_IRQHandler
                0x08003068                TAMP_STAMP_IRQHandler
                0x08003068                CAN2_RX1_IRQHandler
                0x08003068                EXTI3_IRQHandler
                0x08003068                TIM8_TRG_COM_TIM14_IRQHandler
                0x08003068                TIM1_UP_TIM10_IRQHandler
                0x08003068                TIM8_UP_TIM13_IRQHandler
                0x08003068                I2C3_ER_IRQHandler
                0x08003068                EXTI0_IRQHandler
                0x08003068                I2C2_EV_IRQHandler
                0x08003068                DMA1_Stream2_IRQHandler
                0x08003068                CAN1_RX0_IRQHandler
                0x08003068                FPU_IRQHandler
                0x08003068                OTG_HS_WKUP_IRQHandler
                0x08003068                CAN2_SCE_IRQHandler
                0x08003068                DMA2_Stream2_IRQHandler
                0x08003068                SPI1_IRQHandler
                0x08003068                TIM6_DAC_IRQHandler
                0x08003068                TIM1_BRK_TIM9_IRQHandler
                0x08003068                DCMI_IRQHandler
                0x08003068                CAN2_RX0_IRQHandler
                0x08003068                DMA2_Stream3_IRQHandler
                0x08003068                USART6_IRQHandler
                0x08003068                CAN1_RX1_IRQHandler
                0x08003068                UART5_IRQHandler
                0x08003068                DMA2_Stream0_IRQHandler
                0x08003068                TIM4_IRQHandler
                0x08003068                I2C1_EV_IRQHandler
                0x08003068                DMA1_Stream6_IRQHandler
                0x08003068                UART4_IRQHandler
                0x08003068                TIM3_IRQHandler
                0x08003068                RCC_IRQHandler
                0x08003068                TIM8_BRK_TIM12_IRQHandler
                0x08003068                Default_Handler
                0x08003068                EXTI15_10_IRQHandler
                0x08003068                ADC_IRQHandler
                0x08003068                DMA1_Stream7_IRQHandler
                0x08003068                TIM7_IRQHandler
                0x08003068                CAN2_TX_IRQHandler
                0x08003068                TIM5_IRQHandler
                0x08003068                I2C3_EV_IRQHandler
                0x08003068                EXTI9_5_IRQHandler
                0x08003068                RTC_WKUP_IRQHandler
                0x08003068                ETH_WKUP_IRQHandler
                0x08003068                SPI2_IRQHandler
                0x08003068                OTG_HS_EP1_IN_IRQHandler
                0x08003068                DMA1_Stream0_IRQHandler
                0x08003068                CAN1_TX_IRQHandler
                0x08003068                EXTI4_IRQHandler
                0x08003068                FSMC_IRQHandler
                0x08003068                ETH_IRQHandler
                0x08003068                OTG_HS_EP1_OUT_IRQHandler
                0x08003068                WWDG_IRQHandler
                0x08003068                TIM2_IRQHandler
                0x08003068                OTG_FS_WKUP_IRQHandler
                0x08003068                TIM1_TRG_COM_TIM11_IRQHandler
                0x08003068                OTG_HS_IRQHandler
                0x08003068                EXTI1_IRQHandler
                0x08003068                USART2_IRQHandler
                0x08003068                I2C2_ER_IRQHandler
                0x08003068                DMA2_Stream1_IRQHandler
                0x08003068                CAN1_SCE_IRQHandler
                0x08003068                FLASH_IRQHandler
                0x08003068                DMA2_Stream4_IRQHandler
                0x08003068                OTG_FS_IRQHandler
                0x08003068                SPI3_IRQHandler
                0x08003068                DMA1_Stream4_IRQHandler
                0x08003068                I2C1_ER_IRQHandler
                0x08003068                DMA2_Stream6_IRQHandler
                0x08003068                DMA1_Stream3_IRQHandler
 *fill*         0x0800306a        0x2 
 .text.__errno  0x0800306c        0xc e:/arm-gnu/arm/bin/../lib/gcc/arm-none-eabi/10.3.1/../../../../arm-none-eabi/lib/thumb/v7e-m+fp/hard\libc_nano.a(lib_a-errno.o)
                0x0800306c                __errno
 .text.__libc_init_array
                0x08003078       0x48 e:/arm-gnu/arm/bin/../lib/gcc/arm-none-eabi/10.3.1/../../../../arm-none-eabi/lib/thumb/v7e-m+fp/hard\libc_nano.a(lib_a-init.o)
                0x08003078                __libc_init_array
 .text.memcpy   0x080030c0       0x1c e:/arm-gnu/arm/bin/../lib/gcc/arm-none-eabi/10.3.1/../../../../arm-none-eabi/lib/thumb/v7e-m+fp/hard\libc_nano.a(lib_a-memcpy-stub.o)
                0x080030c0                memcpy
 .text.memset   0x080030dc       0x10 e:/arm-gnu/arm/bin/../lib/gcc/arm-none-eabi/10.3.1/../../../../arm-none-eabi/lib/thumb/v7e-m+fp/hard\libc_nano.a(lib_a-memset.o)
                0x080030dc                memset
 .text._vsprintf_r
                0x080030ec       0x2c e:/arm-gnu/arm/bin/../lib/gcc/arm-none-eabi/10.3.1/../../../../arm-none-eabi/lib/thumb/v7e-m+fp/hard\libc_nano.a(lib_a-vsprintf.o)
                0x080030ec                _vsprintf_r
                0x080030ec                _vsiprintf_r
 .text.vsprintf
                0x08003118       0x14 e:/arm-gnu/arm/bin/../lib/gcc/arm-none-eabi/10.3.1/../../../../arm-none-eabi/lib/thumb/v7e-m+fp/hard\libc_nano.a(lib_a-vsprintf.o)
                0x08003118                vsiprintf
                0x08003118                vsprintf
 .text.__ssputs_r
                0x0800312c       0xb6 e:/arm-gnu/arm/bin/../lib/gcc/arm-none-eabi/10.3.1/../../../../arm-none-eabi/lib/thumb/v7e-m+fp/hard\libc_nano.a(lib_a-nano-svfprintf.o)
                0x0800312c                __ssputs_r
 *fill*         0x080031e2        0x2 
 .text._svfprintf_r
                0x080031e4      0x200 e:/arm-gnu/arm/bin/../lib/gcc/arm-none-eabi/10.3.1/../../../../arm-none-eabi/lib/thumb/v7e-m+fp/hard\libc_nano.a(lib_a-nano-svfprintf.o)
                0x080031e4                _svfiprintf_r
                0x080031e4                _svfprintf_r
 .text._printf_common
                0x080033e4       0xda e:/arm-gnu/arm/bin/../lib/gcc/arm-none-eabi/10.3.1/../../../../arm-none-eabi/lib/thumb/v7e-m+fp/hard\libc_nano.a(lib_a-nano-vfprintf_i.o)
                0x080033e4                _printf_common
 *fill*         0x080034be        0x2 
 .text._printf_i
                0x080034c0      0x24c e:/arm-gnu/arm/bin/../lib/gcc/arm-none-eabi/10.3.1/../../../../arm-none-eabi/lib/thumb/v7e-m+fp/hard\libc_nano.a(lib_a-nano-vfprintf_i.o)
                0x080034c0                _printf_i
 .text.memmove  0x0800370c       0x34 e:/arm-gnu/arm/bin/../lib/gcc/arm-none-eabi/10.3.1/../../../../arm-none-eabi/lib/thumb/v7e-m+fp/hard\libc_nano.a(lib_a-memmove.o)
                0x0800370c                memmove
 .text._free_r  0x08003740       0x98 e:/arm-gnu/arm/bin/../lib/gcc/arm-none-eabi/10.3.1/../../../../arm-none-eabi/lib/thumb/v7e-m+fp/hard\libc_nano.a(lib_a-nano-freer.o)
                0x08003740                _free_r
 .text.sbrk_aligned
                0x080037d8       0x40 e:/arm-gnu/arm/bin/../lib/gcc/arm-none-eabi/10.3.1/../../../../arm-none-eabi/lib/thumb/v7e-m+fp/hard\libc_nano.a(lib_a-nano-mallocr.o)
 .text._malloc_r
                0x08003818       0xe8 e:/arm-gnu/arm/bin/../lib/gcc/arm-none-eabi/10.3.1/../../../../arm-none-eabi/lib/thumb/v7e-m+fp/hard\libc_nano.a(lib_a-nano-mallocr.o)
                0x08003818                _malloc_r
 .text._realloc_r
                0x08003900       0x5e e:/arm-gnu/arm/bin/../lib/gcc/arm-none-eabi/10.3.1/../../../../arm-none-eabi/lib/thumb/v7e-m+fp/hard\libc_nano.a(lib_a-nano-reallocr.o)
                0x08003900                _realloc_r
 *fill*         0x0800395e        0x2 
 .text._sbrk_r  0x08003960       0x20 e:/arm-gnu/arm/bin/../lib/gcc/arm-none-eabi/10.3.1/../../../../arm-none-eabi/lib/thumb/v7e-m+fp/hard\libc_nano.a(lib_a-sbrkr.o)
                0x08003960                _sbrk_r
 .text.__malloc_lock
                0x08003980        0xc e:/arm-gnu/arm/bin/../lib/gcc/arm-none-eabi/10.3.1/../../../../arm-none-eabi/lib/thumb/v7e-m+fp/hard\libc_nano.a(lib_a-mlock.o)
                0x08003980                __malloc_lock
 .text.__malloc_unlock
                0x0800398c        0xc e:/arm-gnu/arm/bin/../lib/gcc/arm-none-eabi/10.3.1/../../../../arm-none-eabi/lib/thumb/v7e-m+fp/hard\libc_nano.a(lib_a-mlock.o)
                0x0800398c                __malloc_unlock
 .text._malloc_usable_size_r
                0x08003998       0x10 e:/arm-gnu/arm/bin/../lib/gcc/arm-none-eabi/10.3.1/../../../../arm-none-eabi/lib/thumb/v7e-m+fp/hard\libc_nano.a(lib_a-nano-msizer.o)
                0x08003998                _malloc_usable_size_r
 .text.__retarget_lock_acquire_recursive
                0x080039a8        0x2 e:/arm-gnu/arm/bin/../lib/gcc/arm-none-eabi/10.3.1/../../../../arm-none-eabi/lib/thumb/v7e-m+fp/hard\libc_nano.a(lib_a-lock.o)
                0x080039a8                __retarget_lock_acquire_recursive
 .text.__retarget_lock_release_recursive
                0x080039aa        0x2 e:/arm-gnu/arm/bin/../lib/gcc/arm-none-eabi/10.3.1/../../../../arm-none-eabi/lib/thumb/v7e-m+fp/hard\libc_nano.a(lib_a-lock.o)
                0x080039aa                __retarget_lock_release_recursive
 *(.glue_7)
 .glue_7        0x080039ac        0x0 linker stubs
 *(.glue_7t)
 .glue_7t       0x080039ac        0x0 linker stubs
 *(.eh_frame)
 .eh_frame      0x080039ac        0x0 e:/arm-gnu/arm/bin/../lib/gcc/arm-none-eabi/10.3.1/thumb/v7e-m+fp/hard/crtbegin.o
 *(.init)
 .init          0x080039ac        0x4 e:/arm-gnu/arm/bin/../lib/gcc/arm-none-eabi/10.3.1/thumb/v7e-m+fp/hard/crti.o
                0x080039ac                _init
 .init          0x080039b0        0x8 e:/arm-gnu/arm/bin/../lib/gcc/arm-none-eabi/10.3.1/thumb/v7e-m+fp/hard/crtn.o
 *(.fini)
 .fini          0x080039b8        0x4 e:/arm-gnu/arm/bin/../lib/gcc/arm-none-eabi/10.3.1/thumb/v7e-m+fp/hard/crti.o
                0x080039b8                _fini
 .fini          0x080039bc        0x8 e:/arm-gnu/arm/bin/../lib/gcc/arm-none-eabi/10.3.1/thumb/v7e-m+fp/hard/crtn.o
                0x080039c4                . = ALIGN (0x4)
                0x080039c4                _etext = .

.vfp11_veneer   0x080039c4        0x0
 .vfp11_veneer  0x080039c4        0x0 linker stubs

.v4_bx          0x080039c4        0x0
 .v4_bx         0x080039c4        0x0 linker stubs

.iplt           0x080039c4        0x0
 .iplt          0x080039c4        0x0 e:/arm-gnu/arm/bin/../lib/gcc/arm-none-eabi/10.3.1/thumb/v7e-m+fp/hard/crtbegin.o

.rodata         0x080039c4      0x134
                0x080039c4                . = ALIGN (0x4)
 *(.rodata)
 .rodata        0x080039c4       0x38 build/freertos.o
 *(.rodata*)
 .rodata.str1.4
                0x080039fc       0x17 build/freertos.o
 *fill*         0x08003a13        0x1 
 .rodata.flagBitshiftOffset.0
                0x08003a14        0x8 build/stm32f4xx_hal_dma.o
 .rodata.AHBPrescTable
                0x08003a1c       0x10 build/system_stm32f4xx.o
                0x08003a1c                AHBPrescTable
 .rodata.APBPrescTable
                0x08003a2c        0x8 build/system_stm32f4xx.o
                0x08003a2c                APBPrescTable
 .rodata.vTaskStartScheduler.str1.4
                0x08003a34        0x5 build/tasks.o
 *fill*         0x08003a39        0x3 
 .rodata.RC_task.str1.4
                0x08003a3c       0x87 build/RC_task.o
 .rodata._svfprintf_r.str1.1
                0x08003ac3       0x11 e:/arm-gnu/arm/bin/../lib/gcc/arm-none-eabi/10.3.1/../../../../arm-none-eabi/lib/thumb/v7e-m+fp/hard\libc_nano.a(lib_a-nano-svfprintf.o)
 .rodata._printf_i.str1.1
                0x08003ad4       0x22 e:/arm-gnu/arm/bin/../lib/gcc/arm-none-eabi/10.3.1/../../../../arm-none-eabi/lib/thumb/v7e-m+fp/hard\libc_nano.a(lib_a-nano-vfprintf_i.o)
                0x08003af8                . = ALIGN (0x4)
 *fill*         0x08003af6        0x2 

.ARM.extab
 *(.ARM.extab* .gnu.linkonce.armextab.*)

.ARM            0x08003af8        0x8
                0x08003af8                __exidx_start = .
 *(.ARM.exidx*)
 .ARM.exidx     0x08003af8        0x8 e:/arm-gnu/arm/bin/../lib/gcc/arm-none-eabi/10.3.1/thumb/v7e-m+fp/hard\libgcc.a(_udivmoddi4.o)
                0x08003b00                __exidx_end = .

.rel.dyn        0x08003b00        0x0
 .rel.iplt      0x08003b00        0x0 e:/arm-gnu/arm/bin/../lib/gcc/arm-none-eabi/10.3.1/thumb/v7e-m+fp/hard/crtbegin.o

.preinit_array  0x08003b00        0x0
                0x08003b00                PROVIDE (__preinit_array_start = .)
 *(.preinit_array*)
                0x08003b00                PROVIDE (__preinit_array_end = .)

.init_array     0x08003b00        0x4
                0x08003b00                PROVIDE (__init_array_start = .)
 *(SORT_BY_NAME(.init_array.*))
 *(.init_array*)
 .init_array    0x08003b00        0x4 e:/arm-gnu/arm/bin/../lib/gcc/arm-none-eabi/10.3.1/thumb/v7e-m+fp/hard/crtbegin.o
                0x08003b04                PROVIDE (__init_array_end = .)

.fini_array     0x08003b04        0x4
                [!provide]                PROVIDE (__fini_array_start = .)
 *(SORT_BY_NAME(.fini_array.*))
 *(.fini_array*)
 .fini_array    0x08003b04        0x4 e:/arm-gnu/arm/bin/../lib/gcc/arm-none-eabi/10.3.1/thumb/v7e-m+fp/hard/crtbegin.o
                [!provide]                PROVIDE (__fini_array_end = .)
                0x08003b08                _sidata = LOADADDR (.data)

.data           0x20000000       0x74 load address 0x08003b08
                0x20000000                . = ALIGN (0x4)
                0x20000000                _sdata = .
 *(.data)
 *(.data*)
 .data.uwTickFreq
                0x20000000        0x1 build/stm32f4xx_hal.o
                0x20000000                uwTickFreq
 *fill*         0x20000001        0x3 
 .data.uwTickPrio
                0x20000004        0x4 build/stm32f4xx_hal.o
                0x20000004                uwTickPrio
 .data.SystemCoreClock
                0x20000008        0x4 build/system_stm32f4xx.o
                0x20000008                SystemCoreClock
 .data.uxCriticalNesting
                0x2000000c        0x4 build/port.o
 .data._impure_ptr
                0x20000010        0x4 e:/arm-gnu/arm/bin/../lib/gcc/arm-none-eabi/10.3.1/../../../../arm-none-eabi/lib/thumb/v7e-m+fp/hard\libc_nano.a(lib_a-impure.o)
                0x20000010                _impure_ptr
 .data.impure_data
                0x20000014       0x60 e:/arm-gnu/arm/bin/../lib/gcc/arm-none-eabi/10.3.1/../../../../arm-none-eabi/lib/thumb/v7e-m+fp/hard\libc_nano.a(lib_a-impure.o)
                0x20000074                . = ALIGN (0x4)
                0x20000074                _edata = .
                0x08003b7c                _siccmram = LOADADDR (.ccmram)

.igot.plt       0x20000074        0x0 load address 0x08003b7c
 .igot.plt      0x20000074        0x0 e:/arm-gnu/arm/bin/../lib/gcc/arm-none-eabi/10.3.1/thumb/v7e-m+fp/hard/crtbegin.o

.ccmram         0x10000000        0x0 load address 0x08003b7c
                0x10000000                . = ALIGN (0x4)
                0x10000000                _sccmram = .
 *(.ccmram)
 *(.ccmram*)
                0x10000000                . = ALIGN (0x4)
                0x10000000                _eccmram = .
                0x10000000                . = ALIGN (0x4)

.bss            0x20000074     0x42a4
                0x20000074                _sbss = .
                0x20000074                __bss_start__ = _sbss
 *(.bss)
 .bss           0x20000074       0x1c e:/arm-gnu/arm/bin/../lib/gcc/arm-none-eabi/10.3.1/thumb/v7e-m+fp/hard/crtbegin.o
 *(.bss*)
 .bss.RC_controlHandle
                0x20000090        0x4 build/freertos.o
                0x20000090                RC_controlHandle
 .bss.defaultTaskHandle
                0x20000094        0x4 build/freertos.o
                0x20000094                defaultTaskHandle
 .bss.xIdleStack
                0x20000098      0x200 build/freertos.o
 .bss.xIdleTaskTCBBuffer
                0x20000298       0x54 build/freertos.o
 .bss.hdma_usart1_tx
                0x200002ec       0x60 build/usart.o
                0x200002ec                hdma_usart1_tx
 .bss.hdma_usart3_rx
                0x2000034c       0x60 build/usart.o
                0x2000034c                hdma_usart3_rx
 .bss.huart1    0x200003ac       0x48 build/usart.o
                0x200003ac                huart1
 .bss.huart3    0x200003f4       0x48 build/usart.o
                0x200003f4                huart3
 .bss.uwTick    0x2000043c        0x4 build/stm32f4xx_hal.o
                0x2000043c                uwTick
 .bss.pxCurrentTCB
                0x20000440        0x4 build/tasks.o
                0x20000440                pxCurrentTCB
 .bss.pxDelayedTaskList
                0x20000444        0x4 build/tasks.o
 .bss.pxOverflowDelayedTaskList
                0x20000448        0x4 build/tasks.o
 .bss.pxReadyTasksLists
                0x2000044c       0x8c build/tasks.o
 .bss.uxCurrentNumberOfTasks
                0x200004d8        0x4 build/tasks.o
 .bss.uxDeletedTasksWaitingCleanUp
                0x200004dc        0x4 build/tasks.o
 .bss.uxSchedulerSuspended
                0x200004e0        0x4 build/tasks.o
 .bss.uxTaskNumber
                0x200004e4        0x4 build/tasks.o
 .bss.uxTopReadyPriority
                0x200004e8        0x4 build/tasks.o
 .bss.xDelayedTaskList1
                0x200004ec       0x14 build/tasks.o
 .bss.xDelayedTaskList2
                0x20000500       0x14 build/tasks.o
 .bss.xIdleTaskHandle
                0x20000514        0x4 build/tasks.o
 .bss.xNextTaskUnblockTime
                0x20000518        0x4 build/tasks.o
 .bss.xNumOfOverflows
                0x2000051c        0x4 build/tasks.o
 .bss.xPendedTicks
                0x20000520        0x4 build/tasks.o
 .bss.xPendingReadyList
                0x20000524       0x14 build/tasks.o
 .bss.xSchedulerRunning
                0x20000538        0x4 build/tasks.o
 .bss.xSuspendedTaskList
                0x2000053c       0x14 build/tasks.o
 .bss.xTasksWaitingTermination
                0x20000550       0x14 build/tasks.o
 .bss.xTickCount
                0x20000564        0x4 build/tasks.o
 .bss.xYieldPending
                0x20000568        0x4 build/tasks.o
 .bss.pxEnd     0x2000056c        0x4 build/heap_4.o
 .bss.ucHeap    0x20000570     0x3c00 build/heap_4.o
 .bss.xBlockAllocatedBit
                0x20004170        0x4 build/heap_4.o
 .bss.xFreeBytesRemaining
                0x20004174        0x4 build/heap_4.o
 .bss.xMinimumEverFreeBytesRemaining
                0x20004178        0x4 build/heap_4.o
 .bss.xNumberOfSuccessfulAllocations
                0x2000417c        0x4 build/heap_4.o
 .bss.xNumberOfSuccessfulFrees
                0x20004180        0x4 build/heap_4.o
 .bss.xStart    0x20004184        0x8 build/heap_4.o
 .bss.ucMaxSysCallPriority
                0x2000418c        0x1 build/port.o
 *fill*         0x2000418d        0x3 
 .bss.ulMaxPRIGROUPValue
                0x20004190        0x4 build/port.o
 .bss.__sbrk_heap_end
                0x20004194        0x4 build/sysmem.o
 .bss.local_rc_ctrl
                0x20004198        0x4 build/RC_task.o
                0x20004198                local_rc_ctrl
 .bss.rc_ctrl   0x2000419c       0x16 build/RC_task.o
                0x2000419c                rc_ctrl
 *fill*         0x200041b2        0x2 
 .bss.sbus_rx_buf
                0x200041b4       0x48 build/RC_task.o
 .bss.this_time_rx_len.0
                0x200041fc        0x2 build/RC_task.o
 *fill*         0x200041fe        0x2 
 .bss.ap.2      0x20004200        0x4 build/bsp_usart.o
 .bss.len.0     0x20004204        0x2 build/bsp_usart.o
 *fill*         0x20004206        0x2 
 .bss.tx_buf.1  0x20004208      0x100 build/bsp_usart.o
 .bss.__malloc_free_list
                0x20004308        0x4 e:/arm-gnu/arm/bin/../lib/gcc/arm-none-eabi/10.3.1/../../../../arm-none-eabi/lib/thumb/v7e-m+fp/hard\libc_nano.a(lib_a-nano-mallocr.o)
                0x20004308                __malloc_free_list
 .bss.__malloc_sbrk_start
                0x2000430c        0x4 e:/arm-gnu/arm/bin/../lib/gcc/arm-none-eabi/10.3.1/../../../../arm-none-eabi/lib/thumb/v7e-m+fp/hard\libc_nano.a(lib_a-nano-mallocr.o)
                0x2000430c                __malloc_sbrk_start
 .bss.errno     0x20004310        0x4 e:/arm-gnu/arm/bin/../lib/gcc/arm-none-eabi/10.3.1/../../../../arm-none-eabi/lib/thumb/v7e-m+fp/hard\libc_nano.a(lib_a-reent.o)
                0x20004310                errno
 .bss.__lock___malloc_recursive_mutex
                0x20004314        0x1 e:/arm-gnu/arm/bin/../lib/gcc/arm-none-eabi/10.3.1/../../../../arm-none-eabi/lib/thumb/v7e-m+fp/hard\libc_nano.a(lib_a-lock.o)
                0x20004314                __lock___malloc_recursive_mutex
 *(COMMON)
                0x20004318                . = ALIGN (0x4)
 *fill*         0x20004315        0x3 
                0x20004318                _ebss = .
                0x20004318                __bss_end__ = _ebss

._user_heap_stack
                0x20004318      0x600
                0x20004318                . = ALIGN (0x8)
                [!provide]                PROVIDE (end = .)
                0x20004318                PROVIDE (_end = .)
                0x20004518                . = (. + _Min_Heap_Size)
 *fill*         0x20004318      0x200 
                0x20004918                . = (. + _Min_Stack_Size)
 *fill*         0x20004518      0x400 
                0x20004918                . = ALIGN (0x8)

/DISCARD/
 libc.a(*)
 libm.a(*)
 libgcc.a(*)

.ARM.attributes
                0x00000000       0x30
 *(.ARM.attributes)
 .ARM.attributes
                0x00000000       0x1e e:/arm-gnu/arm/bin/../lib/gcc/arm-none-eabi/10.3.1/thumb/v7e-m+fp/hard/crti.o
 .ARM.attributes
                0x0000001e       0x34 e:/arm-gnu/arm/bin/../lib/gcc/arm-none-eabi/10.3.1/thumb/v7e-m+fp/hard/crtbegin.o
 .ARM.attributes
                0x00000052       0x34 build/main.o
 .ARM.attributes
                0x00000086       0x34 build/gpio.o
 .ARM.attributes
                0x000000ba       0x34 build/freertos.o
 .ARM.attributes
                0x000000ee       0x34 build/dma.o
 .ARM.attributes
                0x00000122       0x34 build/usart.o
 .ARM.attributes
                0x00000156       0x34 build/stm32f4xx_it.o
 .ARM.attributes
                0x0000018a       0x34 build/stm32f4xx_hal_msp.o
 .ARM.attributes
                0x000001be       0x34 build/stm32f4xx_hal_rcc.o
 .ARM.attributes
                0x000001f2       0x34 build/stm32f4xx_hal_gpio.o
 .ARM.attributes
                0x00000226       0x34 build/stm32f4xx_hal_dma.o
 .ARM.attributes
                0x0000025a       0x34 build/stm32f4xx_hal_cortex.o
 .ARM.attributes
                0x0000028e       0x34 build/stm32f4xx_hal.o
 .ARM.attributes
                0x000002c2       0x34 build/stm32f4xx_hal_uart.o
 .ARM.attributes
                0x000002f6       0x34 build/system_stm32f4xx.o
 .ARM.attributes
                0x0000032a       0x34 build/list.o
 .ARM.attributes
                0x0000035e       0x34 build/tasks.o
 .ARM.attributes
                0x00000392       0x34 build/cmsis_os.o
 .ARM.attributes
                0x000003c6       0x34 build/heap_4.o
 .ARM.attributes
                0x000003fa       0x34 build/port.o
 .ARM.attributes
                0x0000042e       0x34 build/sysmem.o
 .ARM.attributes
                0x00000462       0x34 build/RC_task.o
 .ARM.attributes
                0x00000496       0x34 build/bsp_usart.o
 .ARM.attributes
                0x000004ca       0x21 build/startup_stm32f407xx.o
 .ARM.attributes
                0x000004eb       0x34 e:/arm-gnu/arm/bin/../lib/gcc/arm-none-eabi/10.3.1/../../../../arm-none-eabi/lib/thumb/v7e-m+fp/hard\libc_nano.a(lib_a-errno.o)
 .ARM.attributes
                0x0000051f       0x34 e:/arm-gnu/arm/bin/../lib/gcc/arm-none-eabi/10.3.1/../../../../arm-none-eabi/lib/thumb/v7e-m+fp/hard\libc_nano.a(lib_a-impure.o)
 .ARM.attributes
                0x00000553       0x34 e:/arm-gnu/arm/bin/../lib/gcc/arm-none-eabi/10.3.1/../../../../arm-none-eabi/lib/thumb/v7e-m+fp/hard\libc_nano.a(lib_a-init.o)
 .ARM.attributes
                0x00000587       0x34 e:/arm-gnu/arm/bin/../lib/gcc/arm-none-eabi/10.3.1/../../../../arm-none-eabi/lib/thumb/v7e-m+fp/hard\libc_nano.a(lib_a-memcpy-stub.o)
 .ARM.attributes
                0x000005bb       0x34 e:/arm-gnu/arm/bin/../lib/gcc/arm-none-eabi/10.3.1/../../../../arm-none-eabi/lib/thumb/v7e-m+fp/hard\libc_nano.a(lib_a-memset.o)
 .ARM.attributes
                0x000005ef       0x34 e:/arm-gnu/arm/bin/../lib/gcc/arm-none-eabi/10.3.1/../../../../arm-none-eabi/lib/thumb/v7e-m+fp/hard\libc_nano.a(lib_a-vsprintf.o)
 .ARM.attributes
                0x00000623       0x34 e:/arm-gnu/arm/bin/../lib/gcc/arm-none-eabi/10.3.1/../../../../arm-none-eabi/lib/thumb/v7e-m+fp/hard\libc_nano.a(lib_a-nano-svfprintf.o)
 .ARM.attributes
                0x00000657       0x34 e:/arm-gnu/arm/bin/../lib/gcc/arm-none-eabi/10.3.1/../../../../arm-none-eabi/lib/thumb/v7e-m+fp/hard\libc_nano.a(lib_a-nano-vfprintf_i.o)
 .ARM.attributes
                0x0000068b       0x1c e:/arm-gnu/arm/bin/../lib/gcc/arm-none-eabi/10.3.1/../../../../arm-none-eabi/lib/thumb/v7e-m+fp/hard\libc_nano.a(lib_a-memchr.o)
 .ARM.attributes
                0x000006a7       0x34 e:/arm-gnu/arm/bin/../lib/gcc/arm-none-eabi/10.3.1/../../../../arm-none-eabi/lib/thumb/v7e-m+fp/hard\libc_nano.a(lib_a-memmove.o)
 .ARM.attributes
                0x000006db       0x34 e:/arm-gnu/arm/bin/../lib/gcc/arm-none-eabi/10.3.1/../../../../arm-none-eabi/lib/thumb/v7e-m+fp/hard\libc_nano.a(lib_a-nano-freer.o)
 .ARM.attributes
                0x0000070f       0x34 e:/arm-gnu/arm/bin/../lib/gcc/arm-none-eabi/10.3.1/../../../../arm-none-eabi/lib/thumb/v7e-m+fp/hard\libc_nano.a(lib_a-nano-mallocr.o)
 .ARM.attributes
                0x00000743       0x34 e:/arm-gnu/arm/bin/../lib/gcc/arm-none-eabi/10.3.1/../../../../arm-none-eabi/lib/thumb/v7e-m+fp/hard\libc_nano.a(lib_a-nano-reallocr.o)
 .ARM.attributes
                0x00000777       0x34 e:/arm-gnu/arm/bin/../lib/gcc/arm-none-eabi/10.3.1/../../../../arm-none-eabi/lib/thumb/v7e-m+fp/hard\libc_nano.a(lib_a-sbrkr.o)
 .ARM.attributes
                0x000007ab       0x34 e:/arm-gnu/arm/bin/../lib/gcc/arm-none-eabi/10.3.1/../../../../arm-none-eabi/lib/thumb/v7e-m+fp/hard\libc_nano.a(lib_a-mlock.o)
 .ARM.attributes
                0x000007df       0x34 e:/arm-gnu/arm/bin/../lib/gcc/arm-none-eabi/10.3.1/../../../../arm-none-eabi/lib/thumb/v7e-m+fp/hard\libc_nano.a(lib_a-nano-msizer.o)
 .ARM.attributes
                0x00000813       0x34 e:/arm-gnu/arm/bin/../lib/gcc/arm-none-eabi/10.3.1/../../../../arm-none-eabi/lib/thumb/v7e-m+fp/hard\libc_nano.a(lib_a-reent.o)
 .ARM.attributes
                0x00000847       0x34 e:/arm-gnu/arm/bin/../lib/gcc/arm-none-eabi/10.3.1/../../../../arm-none-eabi/lib/thumb/v7e-m+fp/hard\libc_nano.a(lib_a-lock.o)
 .ARM.attributes
                0x0000087b       0x1e e:/arm-gnu/arm/bin/../lib/gcc/arm-none-eabi/10.3.1/thumb/v7e-m+fp/hard\libgcc.a(_aeabi_uldivmod.o)
 .ARM.attributes
                0x00000899       0x34 e:/arm-gnu/arm/bin/../lib/gcc/arm-none-eabi/10.3.1/thumb/v7e-m+fp/hard\libgcc.a(_udivmoddi4.o)
 .ARM.attributes
                0x000008cd       0x1e e:/arm-gnu/arm/bin/../lib/gcc/arm-none-eabi/10.3.1/thumb/v7e-m+fp/hard\libgcc.a(_dvmd_tls.o)
 .ARM.attributes
                0x000008eb       0x1e e:/arm-gnu/arm/bin/../lib/gcc/arm-none-eabi/10.3.1/thumb/v7e-m+fp/hard/crtn.o
OUTPUT(build/CCUT_Robot_V1.0.elf elf32-littlearm)
LOAD linker stubs
LOAD e:/arm-gnu/arm/bin/../lib/gcc/arm-none-eabi/10.3.1/../../../../arm-none-eabi/lib/thumb/v7e-m+fp/hard\libc.a
LOAD e:/arm-gnu/arm/bin/../lib/gcc/arm-none-eabi/10.3.1/../../../../arm-none-eabi/lib/thumb/v7e-m+fp/hard\libm.a
LOAD e:/arm-gnu/arm/bin/../lib/gcc/arm-none-eabi/10.3.1/thumb/v7e-m+fp/hard\libgcc.a

.debug_info     0x00000000    0x12aa3
 .debug_info    0x00000000      0x671 build/main.o
 .debug_info    0x00000671      0x4df build/gpio.o
 .debug_info    0x00000b50      0x4d4 build/freertos.o
 .debug_info    0x00001024      0x596 build/dma.o
 .debug_info    0x000015ba      0xf26 build/usart.o
 .debug_info    0x000024e0      0x7cf build/stm32f4xx_it.o
 .debug_info    0x00002caf      0x541 build/stm32f4xx_hal_msp.o
 .debug_info    0x000031f0      0xbe6 build/stm32f4xx_hal_rcc.o
 .debug_info    0x00003dd6      0x848 build/stm32f4xx_hal_gpio.o
 .debug_info    0x0000461e      0xbd1 build/stm32f4xx_hal_dma.o
 .debug_info    0x000051ef     0x11c6 build/stm32f4xx_hal_cortex.o
 .debug_info    0x000063b5      0xacf build/stm32f4xx_hal.o
 .debug_info    0x00006e84     0x432e build/stm32f4xx_hal_uart.o
 .debug_info    0x0000b1b2      0x5b3 build/system_stm32f4xx.o
 .debug_info    0x0000b765      0x30f build/list.o
 .debug_info    0x0000ba74     0x2ad1 build/tasks.o
 .debug_info    0x0000e545     0x240b build/cmsis_os.o
 .debug_info    0x00010950      0x61a build/heap_4.o
 .debug_info    0x00010f6a      0x5c8 build/port.o
 .debug_info    0x00011532      0x185 build/sysmem.o
 .debug_info    0x000116b7      0xa0f build/RC_task.o
 .debug_info    0x000120c6      0x9bb build/bsp_usart.o
 .debug_info    0x00012a81       0x22 build/startup_stm32f407xx.o

.debug_abbrev   0x00000000     0x2f01
 .debug_abbrev  0x00000000      0x1d8 build/main.o
 .debug_abbrev  0x000001d8      0x151 build/gpio.o
 .debug_abbrev  0x00000329      0x191 build/freertos.o
 .debug_abbrev  0x000004ba      0x129 build/dma.o
 .debug_abbrev  0x000005e3      0x1fa build/usart.o
 .debug_abbrev  0x000007dd      0x172 build/stm32f4xx_it.o
 .debug_abbrev  0x0000094f      0x11c build/stm32f4xx_hal_msp.o
 .debug_abbrev  0x00000a6b      0x2aa build/stm32f4xx_hal_rcc.o
 .debug_abbrev  0x00000d15      0x22b build/stm32f4xx_hal_gpio.o
 .debug_abbrev  0x00000f40      0x2ff build/stm32f4xx_hal_dma.o
 .debug_abbrev  0x0000123f      0x379 build/stm32f4xx_hal_cortex.o
 .debug_abbrev  0x000015b8      0x209 build/stm32f4xx_hal.o
 .debug_abbrev  0x000017c1      0x356 build/stm32f4xx_hal_uart.o
 .debug_abbrev  0x00001b17      0x11b build/system_stm32f4xx.o
 .debug_abbrev  0x00001c32      0x124 build/list.o
 .debug_abbrev  0x00001d56      0x36b build/tasks.o
 .debug_abbrev  0x000020c1      0x3a1 build/cmsis_os.o
 .debug_abbrev  0x00002462      0x269 build/heap_4.o
 .debug_abbrev  0x000026cb      0x28a build/port.o
 .debug_abbrev  0x00002955       0xea build/sysmem.o
 .debug_abbrev  0x00002a3f      0x22c build/RC_task.o
 .debug_abbrev  0x00002c6b      0x284 build/bsp_usart.o
 .debug_abbrev  0x00002eef       0x12 build/startup_stm32f407xx.o

.debug_loc      0x00000000     0xc071
 .debug_loc     0x00000000       0x66 build/main.o
 .debug_loc     0x00000066       0x38 build/gpio.o
 .debug_loc     0x0000009e       0x7e build/freertos.o
 .debug_loc     0x0000011c       0x38 build/dma.o
 .debug_loc     0x00000154      0x150 build/usart.o
 .debug_loc     0x000002a4       0x80 build/stm32f4xx_it.o
 .debug_loc     0x00000324       0x38 build/stm32f4xx_hal_msp.o
 .debug_loc     0x0000035c      0x6e4 build/stm32f4xx_hal_rcc.o
 .debug_loc     0x00000a40      0x5e8 build/stm32f4xx_hal_gpio.o
 .debug_loc     0x00001028      0xd6d build/stm32f4xx_hal_dma.o
 .debug_loc     0x00001d95      0x7a4 build/stm32f4xx_hal_cortex.o
 .debug_loc     0x00002539      0x1e1 build/stm32f4xx_hal.o
 .debug_loc     0x0000271a     0x4d30 build/stm32f4xx_hal_uart.o
 .debug_loc     0x0000744a      0x158 build/system_stm32f4xx.o
 .debug_loc     0x000075a2       0xe5 build/list.o
 .debug_loc     0x00007687     0x2447 build/tasks.o
 .debug_loc     0x00009ace     0x1a22 build/cmsis_os.o
 .debug_loc     0x0000b4f0      0x4e4 build/heap_4.o
 .debug_loc     0x0000b9d4      0x1c0 build/port.o
 .debug_loc     0x0000bb94       0x84 build/sysmem.o
 .debug_loc     0x0000bc18      0x151 build/RC_task.o
 .debug_loc     0x0000bd69      0x308 build/bsp_usart.o

.debug_aranges  0x00000000      0xc38
 .debug_aranges
                0x00000000       0x30 build/main.o
 .debug_aranges
                0x00000030       0x20 build/gpio.o
 .debug_aranges
                0x00000050       0x30 build/freertos.o
 .debug_aranges
                0x00000080       0x20 build/dma.o
 .debug_aranges
                0x000000a0       0x38 build/usart.o
 .debug_aranges
                0x000000d8       0x68 build/stm32f4xx_it.o
 .debug_aranges
                0x00000140       0x20 build/stm32f4xx_hal_msp.o
 .debug_aranges
                0x00000160       0x88 build/stm32f4xx_hal_rcc.o
 .debug_aranges
                0x000001e8       0x58 build/stm32f4xx_hal_gpio.o
 .debug_aranges
                0x00000240       0x90 build/stm32f4xx_hal_dma.o
 .debug_aranges
                0x000002d0       0xc0 build/stm32f4xx_hal_cortex.o
 .debug_aranges
                0x00000390       0xf0 build/stm32f4xx_hal.o
 .debug_aranges
                0x00000480      0x208 build/stm32f4xx_hal_uart.o
 .debug_aranges
                0x00000688       0x28 build/system_stm32f4xx.o
 .debug_aranges
                0x000006b0       0x40 build/list.o
 .debug_aranges
                0x000006f0      0x1b8 build/tasks.o
 .debug_aranges
                0x000008a8      0x1d8 build/cmsis_os.o
 .debug_aranges
                0x00000a80       0x58 build/heap_4.o
 .debug_aranges
                0x00000ad8       0x80 build/port.o
 .debug_aranges
                0x00000b58       0x20 build/sysmem.o
 .debug_aranges
                0x00000b78       0x40 build/RC_task.o
 .debug_aranges
                0x00000bb8       0x58 build/bsp_usart.o
 .debug_aranges
                0x00000c10       0x28 build/startup_stm32f407xx.o

.debug_ranges   0x00000000      0xc50
 .debug_ranges  0x00000000       0x20 build/main.o
 .debug_ranges  0x00000020       0x10 build/gpio.o
 .debug_ranges  0x00000030       0x20 build/freertos.o
 .debug_ranges  0x00000050       0x10 build/dma.o
 .debug_ranges  0x00000060       0x28 build/usart.o
 .debug_ranges  0x00000088       0x58 build/stm32f4xx_it.o
 .debug_ranges  0x000000e0       0x10 build/stm32f4xx_hal_msp.o
 .debug_ranges  0x000000f0       0x90 build/stm32f4xx_hal_rcc.o
 .debug_ranges  0x00000180       0x48 build/stm32f4xx_hal_gpio.o
 .debug_ranges  0x000001c8       0x80 build/stm32f4xx_hal_dma.o
 .debug_ranges  0x00000248      0x110 build/stm32f4xx_hal_cortex.o
 .debug_ranges  0x00000358       0xe0 build/stm32f4xx_hal.o
 .debug_ranges  0x00000438      0x210 build/stm32f4xx_hal_uart.o
 .debug_ranges  0x00000648       0x18 build/system_stm32f4xx.o
 .debug_ranges  0x00000660       0x30 build/list.o
 .debug_ranges  0x00000690      0x280 build/tasks.o
 .debug_ranges  0x00000910      0x1c8 build/cmsis_os.o
 .debug_ranges  0x00000ad8       0x48 build/heap_4.o
 .debug_ranges  0x00000b20       0x88 build/port.o
 .debug_ranges  0x00000ba8       0x10 build/sysmem.o
 .debug_ranges  0x00000bb8       0x30 build/RC_task.o
 .debug_ranges  0x00000be8       0x48 build/bsp_usart.o
 .debug_ranges  0x00000c30       0x20 build/startup_stm32f407xx.o

.debug_line     0x00000000     0xd1c7
 .debug_line    0x00000000      0x315 build/main.o
 .debug_line    0x00000315      0x174 build/gpio.o
 .debug_line    0x00000489      0x205 build/freertos.o
 .debug_line    0x0000068e      0x143 build/dma.o
 .debug_line    0x000007d1      0x428 build/usart.o
 .debug_line    0x00000bf9      0x34d build/stm32f4xx_it.o
 .debug_line    0x00000f46      0x14f build/stm32f4xx_hal_msp.o
 .debug_line    0x00001095      0xb00 build/stm32f4xx_hal_rcc.o
 .debug_line    0x00001b95      0x699 build/stm32f4xx_hal_gpio.o
 .debug_line    0x0000222e      0xddd build/stm32f4xx_hal_dma.o
 .debug_line    0x0000300b      0x764 build/stm32f4xx_hal_cortex.o
 .debug_line    0x0000376f      0x51d build/stm32f4xx_hal.o
 .debug_line    0x00003c8c     0x4273 build/stm32f4xx_hal_uart.o
 .debug_line    0x00007eff      0x208 build/system_stm32f4xx.o
 .debug_line    0x00008107      0x311 build/list.o
 .debug_line    0x00008418     0x2468 build/tasks.o
 .debug_line    0x0000a880     0x1142 build/cmsis_os.o
 .debug_line    0x0000b9c2      0x6c6 build/heap_4.o
 .debug_line    0x0000c088      0x6c2 build/port.o
 .debug_line    0x0000c74a      0x156 build/sysmem.o
 .debug_line    0x0000c8a0      0x49f build/RC_task.o
 .debug_line    0x0000cd3f      0x412 build/bsp_usart.o
 .debug_line    0x0000d151       0x76 build/startup_stm32f407xx.o

.debug_str      0x00000000     0x44ec
 .debug_str     0x00000000      0x461 build/main.o
                                0x4b7 (size before relaxing)
 .debug_str     0x00000461       0xbf build/gpio.o
                                0x34f (size before relaxing)
 .debug_str     0x00000520      0x2eb build/freertos.o
                                0x4c7 (size before relaxing)
 .debug_str     0x0000080b      0x525 build/dma.o
                                0x7a6 (size before relaxing)
 .debug_str     0x00000d30      0x4b9 build/usart.o
                                0xd86 (size before relaxing)
 .debug_str     0x000011e9      0x12d build/stm32f4xx_it.o
                                0x743 (size before relaxing)
 .debug_str     0x00001316       0x29 build/stm32f4xx_hal_msp.o
                                0x7a1 (size before relaxing)
 .debug_str     0x0000133f      0x250 build/stm32f4xx_hal_rcc.o
                                0x6e9 (size before relaxing)
 .debug_str     0x0000158f      0x125 build/stm32f4xx_hal_gpio.o
                                0x4c3 (size before relaxing)
 .debug_str     0x000016b4      0x2e2 build/stm32f4xx_hal_dma.o
                                0x759 (size before relaxing)
 .debug_str     0x00001996      0x50a build/stm32f4xx_hal_cortex.o
                                0xc58 (size before relaxing)
 .debug_str     0x00001ea0      0x29f build/stm32f4xx_hal.o
                                0xb3d (size before relaxing)
 .debug_str     0x0000213f      0x612 build/stm32f4xx_hal_uart.o
                                0xd7e (size before relaxing)
 .debug_str     0x00002751       0x47 build/system_stm32f4xx.o
                                0x358 (size before relaxing)
 .debug_str     0x00002798      0x136 build/list.o
                                0x2e5 (size before relaxing)
 .debug_str     0x000028ce      0xbf4 build/tasks.o
                                0xffe (size before relaxing)
 .debug_str     0x000034c2      0x951 build/cmsis_os.o
                               0x1030 (size before relaxing)
 .debug_str     0x00003e13      0x2c8 build/heap_4.o
                                0x4f3 (size before relaxing)
 .debug_str     0x000040db      0x17d build/port.o
                                0x465 (size before relaxing)
 .debug_str     0x00004258       0x7a build/sysmem.o
                                0x208 (size before relaxing)
 .debug_str     0x000042d2       0xfa build/RC_task.o
                                0x726 (size before relaxing)
 .debug_str     0x000043cc       0xfc build/bsp_usart.o
                                0x746 (size before relaxing)
 .debug_str     0x000044c8       0x24 build/startup_stm32f407xx.o
                                 0x4d (size before relaxing)

.comment        0x00000000       0x49
 .comment       0x00000000       0x49 build/main.o
                                 0x4a (size before relaxing)
 .comment       0x00000049       0x4a build/gpio.o
 .comment       0x00000049       0x4a build/freertos.o
 .comment       0x00000049       0x4a build/dma.o
 .comment       0x00000049       0x4a build/usart.o
 .comment       0x00000049       0x4a build/stm32f4xx_it.o
 .comment       0x00000049       0x4a build/stm32f4xx_hal_msp.o
 .comment       0x00000049       0x4a build/stm32f4xx_hal_rcc.o
 .comment       0x00000049       0x4a build/stm32f4xx_hal_gpio.o
 .comment       0x00000049       0x4a build/stm32f4xx_hal_dma.o
 .comment       0x00000049       0x4a build/stm32f4xx_hal_cortex.o
 .comment       0x00000049       0x4a build/stm32f4xx_hal.o
 .comment       0x00000049       0x4a build/stm32f4xx_hal_uart.o
 .comment       0x00000049       0x4a build/system_stm32f4xx.o
 .comment       0x00000049       0x4a build/list.o
 .comment       0x00000049       0x4a build/tasks.o
 .comment       0x00000049       0x4a build/cmsis_os.o
 .comment       0x00000049       0x4a build/heap_4.o
 .comment       0x00000049       0x4a build/port.o
 .comment       0x00000049       0x4a build/sysmem.o
 .comment       0x00000049       0x4a build/RC_task.o
 .comment       0x00000049       0x4a build/bsp_usart.o

.debug_frame    0x00000000     0x2370
 .debug_frame   0x00000000       0x58 build/main.o
 .debug_frame   0x00000058       0x30 build/gpio.o
 .debug_frame   0x00000088       0x58 build/freertos.o
 .debug_frame   0x000000e0       0x30 build/dma.o
 .debug_frame   0x00000110       0x7c build/usart.o
 .debug_frame   0x0000018c       0xd0 build/stm32f4xx_it.o
 .debug_frame   0x0000025c       0x2c build/stm32f4xx_hal_msp.o
 .debug_frame   0x00000288      0x16c build/stm32f4xx_hal_rcc.o
 .debug_frame   0x000003f4       0xd8 build/stm32f4xx_hal_gpio.o
 .debug_frame   0x000004cc      0x188 build/stm32f4xx_hal_dma.o
 .debug_frame   0x00000654      0x178 build/stm32f4xx_hal_cortex.o
 .debug_frame   0x000007cc      0x1ec build/stm32f4xx_hal.o
 .debug_frame   0x000009b8      0x5e4 build/stm32f4xx_hal_uart.o
 .debug_frame   0x00000f9c       0x30 build/system_stm32f4xx.o
 .debug_frame   0x00000fcc       0x70 build/list.o
 .debug_frame   0x0000103c      0x58c build/tasks.o
 .debug_frame   0x000015c8      0x58c build/cmsis_os.o
 .debug_frame   0x00001b54       0xd0 build/heap_4.o
 .debug_frame   0x00001c24      0x110 build/port.o
 .debug_frame   0x00001d34       0x28 build/sysmem.o
 .debug_frame   0x00001d5c       0x98 build/RC_task.o
 .debug_frame   0x00001df4       0xec build/bsp_usart.o
 .debug_frame   0x00001ee0       0x20 e:/arm-gnu/arm/bin/../lib/gcc/arm-none-eabi/10.3.1/../../../../arm-none-eabi/lib/thumb/v7e-m+fp/hard\libc_nano.a(lib_a-errno.o)
 .debug_frame   0x00001f00       0x2c e:/arm-gnu/arm/bin/../lib/gcc/arm-none-eabi/10.3.1/../../../../arm-none-eabi/lib/thumb/v7e-m+fp/hard\libc_nano.a(lib_a-init.o)
 .debug_frame   0x00001f2c       0x28 e:/arm-gnu/arm/bin/../lib/gcc/arm-none-eabi/10.3.1/../../../../arm-none-eabi/lib/thumb/v7e-m+fp/hard\libc_nano.a(lib_a-memcpy-stub.o)
 .debug_frame   0x00001f54       0x20 e:/arm-gnu/arm/bin/../lib/gcc/arm-none-eabi/10.3.1/../../../../arm-none-eabi/lib/thumb/v7e-m+fp/hard\libc_nano.a(lib_a-memset.o)
 .debug_frame   0x00001f74       0x3c e:/arm-gnu/arm/bin/../lib/gcc/arm-none-eabi/10.3.1/../../../../arm-none-eabi/lib/thumb/v7e-m+fp/hard\libc_nano.a(lib_a-vsprintf.o)
 .debug_frame   0x00001fb0       0x90 e:/arm-gnu/arm/bin/../lib/gcc/arm-none-eabi/10.3.1/../../../../arm-none-eabi/lib/thumb/v7e-m+fp/hard\libc_nano.a(lib_a-nano-svfprintf.o)
 .debug_frame   0x00002040       0x60 e:/arm-gnu/arm/bin/../lib/gcc/arm-none-eabi/10.3.1/../../../../arm-none-eabi/lib/thumb/v7e-m+fp/hard\libc_nano.a(lib_a-nano-vfprintf_i.o)
 .debug_frame   0x000020a0       0x28 e:/arm-gnu/arm/bin/../lib/gcc/arm-none-eabi/10.3.1/../../../../arm-none-eabi/lib/thumb/v7e-m+fp/hard\libc_nano.a(lib_a-memmove.o)
 .debug_frame   0x000020c8       0x38 e:/arm-gnu/arm/bin/../lib/gcc/arm-none-eabi/10.3.1/../../../../arm-none-eabi/lib/thumb/v7e-m+fp/hard\libc_nano.a(lib_a-nano-freer.o)
 .debug_frame   0x00002100       0x4c e:/arm-gnu/arm/bin/../lib/gcc/arm-none-eabi/10.3.1/../../../../arm-none-eabi/lib/thumb/v7e-m+fp/hard\libc_nano.a(lib_a-nano-mallocr.o)
 .debug_frame   0x0000214c       0x3c e:/arm-gnu/arm/bin/../lib/gcc/arm-none-eabi/10.3.1/../../../../arm-none-eabi/lib/thumb/v7e-m+fp/hard\libc_nano.a(lib_a-nano-reallocr.o)
 .debug_frame   0x00002188       0x2c e:/arm-gnu/arm/bin/../lib/gcc/arm-none-eabi/10.3.1/../../../../arm-none-eabi/lib/thumb/v7e-m+fp/hard\libc_nano.a(lib_a-sbrkr.o)
 .debug_frame   0x000021b4       0x30 e:/arm-gnu/arm/bin/../lib/gcc/arm-none-eabi/10.3.1/../../../../arm-none-eabi/lib/thumb/v7e-m+fp/hard\libc_nano.a(lib_a-mlock.o)
 .debug_frame   0x000021e4       0x20 e:/arm-gnu/arm/bin/../lib/gcc/arm-none-eabi/10.3.1/../../../../arm-none-eabi/lib/thumb/v7e-m+fp/hard\libc_nano.a(lib_a-nano-msizer.o)
 .debug_frame   0x00002204       0x5c e:/arm-gnu/arm/bin/../lib/gcc/arm-none-eabi/10.3.1/../../../../arm-none-eabi/lib/thumb/v7e-m+fp/hard\libc_nano.a(lib_a-reent.o)
 .debug_frame   0x00002260       0xb0 e:/arm-gnu/arm/bin/../lib/gcc/arm-none-eabi/10.3.1/../../../../arm-none-eabi/lib/thumb/v7e-m+fp/hard\libc_nano.a(lib_a-lock.o)
 .debug_frame   0x00002310       0x2c e:/arm-gnu/arm/bin/../lib/gcc/arm-none-eabi/10.3.1/thumb/v7e-m+fp/hard\libgcc.a(_aeabi_uldivmod.o)
 .debug_frame   0x0000233c       0x34 e:/arm-gnu/arm/bin/../lib/gcc/arm-none-eabi/10.3.1/thumb/v7e-m+fp/hard\libgcc.a(_udivmoddi4.o)

Cross Reference Table

Symbol                                            File
ADC_IRQHandler                                    build/startup_stm32f407xx.o
AHBPrescTable                                     build/system_stm32f4xx.o
                                                  build/stm32f4xx_hal_rcc.o
APBPrescTable                                     build/system_stm32f4xx.o
                                                  build/stm32f4xx_hal_rcc.o
BusFault_Handler                                  build/stm32f4xx_it.o
CAN1_RX0_IRQHandler                               build/startup_stm32f407xx.o
CAN1_RX1_IRQHandler                               build/startup_stm32f407xx.o
CAN1_SCE_IRQHandler                               build/startup_stm32f407xx.o
CAN1_TX_IRQHandler                                build/startup_stm32f407xx.o
CAN2_RX0_IRQHandler                               build/startup_stm32f407xx.o
CAN2_RX1_IRQHandler                               build/startup_stm32f407xx.o
CAN2_SCE_IRQHandler                               build/startup_stm32f407xx.o
CAN2_TX_IRQHandler                                build/startup_stm32f407xx.o
DCMI_IRQHandler                                   build/startup_stm32f407xx.o
DMA1_Stream0_IRQHandler                           build/startup_stm32f407xx.o
DMA1_Stream1_IRQHandler                           build/stm32f4xx_it.o
DMA1_Stream2_IRQHandler                           build/startup_stm32f407xx.o
DMA1_Stream3_IRQHandler                           build/startup_stm32f407xx.o
DMA1_Stream4_IRQHandler                           build/startup_stm32f407xx.o
DMA1_Stream5_IRQHandler                           build/startup_stm32f407xx.o
DMA1_Stream6_IRQHandler                           build/startup_stm32f407xx.o
DMA1_Stream7_IRQHandler                           build/startup_stm32f407xx.o
DMA2_Stream0_IRQHandler                           build/startup_stm32f407xx.o
DMA2_Stream1_IRQHandler                           build/startup_stm32f407xx.o
DMA2_Stream2_IRQHandler                           build/startup_stm32f407xx.o
DMA2_Stream3_IRQHandler                           build/startup_stm32f407xx.o
DMA2_Stream4_IRQHandler                           build/startup_stm32f407xx.o
DMA2_Stream5_IRQHandler                           build/startup_stm32f407xx.o
DMA2_Stream6_IRQHandler                           build/startup_stm32f407xx.o
DMA2_Stream7_IRQHandler                           build/stm32f4xx_it.o
DebugMon_Handler                                  build/stm32f4xx_it.o
Default_Handler                                   build/startup_stm32f407xx.o
ETH_IRQHandler                                    build/startup_stm32f407xx.o
ETH_WKUP_IRQHandler                               build/startup_stm32f407xx.o
EXTI0_IRQHandler                                  build/startup_stm32f407xx.o
EXTI15_10_IRQHandler                              build/startup_stm32f407xx.o
EXTI1_IRQHandler                                  build/startup_stm32f407xx.o
EXTI2_IRQHandler                                  build/startup_stm32f407xx.o
EXTI3_IRQHandler                                  build/startup_stm32f407xx.o
EXTI4_IRQHandler                                  build/startup_stm32f407xx.o
EXTI9_5_IRQHandler                                build/startup_stm32f407xx.o
Error_Handler                                     build/main.o
                                                  build/usart.o
FLASH_Erase_Sector                                build/stm32f4xx_hal_flash_ex.o
                                                  build/stm32f4xx_hal_flash.o
FLASH_FlushCaches                                 build/stm32f4xx_hal_flash_ex.o
                                                  build/stm32f4xx_hal_flash.o
FLASH_IRQHandler                                  build/startup_stm32f407xx.o
FLASH_WaitForLastOperation                        build/stm32f4xx_hal_flash.o
                                                  build/stm32f4xx_hal_flash_ex.o
FPU_IRQHandler                                    build/startup_stm32f407xx.o
FSMC_IRQHandler                                   build/startup_stm32f407xx.o
HAL_CORTEX_ClearEvent                             build/stm32f4xx_hal_cortex.o
HAL_DBGMCU_DisableDBGSleepMode                    build/stm32f4xx_hal.o
HAL_DBGMCU_DisableDBGStandbyMode                  build/stm32f4xx_hal.o
HAL_DBGMCU_DisableDBGStopMode                     build/stm32f4xx_hal.o
HAL_DBGMCU_EnableDBGSleepMode                     build/stm32f4xx_hal.o
HAL_DBGMCU_EnableDBGStandbyMode                   build/stm32f4xx_hal.o
HAL_DBGMCU_EnableDBGStopMode                      build/stm32f4xx_hal.o
HAL_DMAEx_ChangeMemory                            build/stm32f4xx_hal_dma_ex.o
HAL_DMAEx_MultiBufferStart                        build/stm32f4xx_hal_dma_ex.o
HAL_DMAEx_MultiBufferStart_IT                     build/stm32f4xx_hal_dma_ex.o
HAL_DMA_Abort                                     build/stm32f4xx_hal_dma.o
                                                  build/stm32f4xx_hal_uart.o
HAL_DMA_Abort_IT                                  build/stm32f4xx_hal_dma.o
                                                  build/stm32f4xx_hal_uart.o
HAL_DMA_DeInit                                    build/stm32f4xx_hal_dma.o
                                                  build/usart.o
HAL_DMA_GetError                                  build/stm32f4xx_hal_dma.o
                                                  build/stm32f4xx_hal_uart.o
HAL_DMA_GetState                                  build/stm32f4xx_hal_dma.o
HAL_DMA_IRQHandler                                build/stm32f4xx_hal_dma.o
                                                  build/stm32f4xx_it.o
HAL_DMA_Init                                      build/stm32f4xx_hal_dma.o
                                                  build/usart.o
HAL_DMA_PollForTransfer                           build/stm32f4xx_hal_dma.o
HAL_DMA_RegisterCallback                          build/stm32f4xx_hal_dma.o
HAL_DMA_Start                                     build/stm32f4xx_hal_dma.o
HAL_DMA_Start_IT                                  build/stm32f4xx_hal_dma.o
                                                  build/stm32f4xx_hal_uart.o
HAL_DMA_UnRegisterCallback                        build/stm32f4xx_hal_dma.o
HAL_DeInit                                        build/stm32f4xx_hal.o
HAL_Delay                                         build/stm32f4xx_hal.o
                                                  build/RC_task.o
HAL_DisableCompensationCell                       build/stm32f4xx_hal.o
HAL_EXTI_ClearConfigLine                          build/stm32f4xx_hal_exti.o
HAL_EXTI_ClearPending                             build/stm32f4xx_hal_exti.o
HAL_EXTI_GenerateSWI                              build/stm32f4xx_hal_exti.o
HAL_EXTI_GetConfigLine                            build/stm32f4xx_hal_exti.o
HAL_EXTI_GetHandle                                build/stm32f4xx_hal_exti.o
HAL_EXTI_GetPending                               build/stm32f4xx_hal_exti.o
HAL_EXTI_IRQHandler                               build/stm32f4xx_hal_exti.o
HAL_EXTI_RegisterCallback                         build/stm32f4xx_hal_exti.o
HAL_EXTI_SetConfigLine                            build/stm32f4xx_hal_exti.o
HAL_EnableCompensationCell                        build/stm32f4xx_hal.o
HAL_FLASHEx_Erase                                 build/stm32f4xx_hal_flash_ex.o
HAL_FLASHEx_Erase_IT                              build/stm32f4xx_hal_flash_ex.o
HAL_FLASHEx_OBGetConfig                           build/stm32f4xx_hal_flash_ex.o
HAL_FLASHEx_OBProgram                             build/stm32f4xx_hal_flash_ex.o
HAL_FLASH_EndOfOperationCallback                  build/stm32f4xx_hal_flash.o
HAL_FLASH_GetError                                build/stm32f4xx_hal_flash.o
HAL_FLASH_IRQHandler                              build/stm32f4xx_hal_flash.o
HAL_FLASH_Lock                                    build/stm32f4xx_hal_flash.o
HAL_FLASH_OB_Launch                               build/stm32f4xx_hal_flash.o
HAL_FLASH_OB_Lock                                 build/stm32f4xx_hal_flash.o
HAL_FLASH_OB_Unlock                               build/stm32f4xx_hal_flash.o
HAL_FLASH_OperationErrorCallback                  build/stm32f4xx_hal_flash.o
HAL_FLASH_Program                                 build/stm32f4xx_hal_flash.o
HAL_FLASH_Program_IT                              build/stm32f4xx_hal_flash.o
HAL_FLASH_Unlock                                  build/stm32f4xx_hal_flash.o
HAL_GPIO_DeInit                                   build/stm32f4xx_hal_gpio.o
                                                  build/usart.o
HAL_GPIO_EXTI_Callback                            build/stm32f4xx_hal_gpio.o
HAL_GPIO_EXTI_IRQHandler                          build/stm32f4xx_hal_gpio.o
HAL_GPIO_Init                                     build/stm32f4xx_hal_gpio.o
                                                  build/stm32f4xx_hal_rcc.o
                                                  build/usart.o
                                                  build/gpio.o
HAL_GPIO_LockPin                                  build/stm32f4xx_hal_gpio.o
HAL_GPIO_ReadPin                                  build/stm32f4xx_hal_gpio.o
HAL_GPIO_TogglePin                                build/stm32f4xx_hal_gpio.o
HAL_GPIO_WritePin                                 build/stm32f4xx_hal_gpio.o
                                                  build/gpio.o
HAL_GetDEVID                                      build/stm32f4xx_hal.o
HAL_GetHalVersion                                 build/stm32f4xx_hal.o
HAL_GetREVID                                      build/stm32f4xx_hal.o
HAL_GetTick                                       build/stm32f4xx_hal.o
                                                  build/stm32f4xx_hal_uart.o
                                                  build/stm32f4xx_hal_pwr_ex.o
                                                  build/stm32f4xx_hal_dma.o
                                                  build/stm32f4xx_hal_flash.o
                                                  build/stm32f4xx_hal_rcc_ex.o
                                                  build/stm32f4xx_hal_rcc.o
HAL_GetTickFreq                                   build/stm32f4xx_hal.o
HAL_GetTickPrio                                   build/stm32f4xx_hal.o
HAL_GetUIDw0                                      build/stm32f4xx_hal.o
HAL_GetUIDw1                                      build/stm32f4xx_hal.o
HAL_GetUIDw2                                      build/stm32f4xx_hal.o
HAL_HalfDuplex_EnableReceiver                     build/stm32f4xx_hal_uart.o
HAL_HalfDuplex_EnableTransmitter                  build/stm32f4xx_hal_uart.o
HAL_HalfDuplex_Init                               build/stm32f4xx_hal_uart.o
HAL_IncTick                                       build/stm32f4xx_hal.o
                                                  build/stm32f4xx_it.o
HAL_Init                                          build/stm32f4xx_hal.o
                                                  build/main.o
HAL_InitTick                                      build/stm32f4xx_hal.o
                                                  build/stm32f4xx_hal_rcc_ex.o
                                                  build/stm32f4xx_hal_rcc.o
HAL_LIN_Init                                      build/stm32f4xx_hal_uart.o
HAL_LIN_SendBreak                                 build/stm32f4xx_hal_uart.o
HAL_MPU_ConfigRegion                              build/stm32f4xx_hal_cortex.o
HAL_MPU_Disable                                   build/stm32f4xx_hal_cortex.o
HAL_MPU_DisableRegion                             build/stm32f4xx_hal_cortex.o
HAL_MPU_Enable                                    build/stm32f4xx_hal_cortex.o
HAL_MPU_EnableRegion                              build/stm32f4xx_hal_cortex.o
HAL_MspDeInit                                     build/stm32f4xx_hal.o
HAL_MspInit                                       build/stm32f4xx_hal_msp.o
HAL_MultiProcessor_EnterMuteMode                  build/stm32f4xx_hal_uart.o
HAL_MultiProcessor_ExitMuteMode                   build/stm32f4xx_hal_uart.o
HAL_MultiProcessor_Init                           build/stm32f4xx_hal_uart.o
HAL_NVIC_ClearPendingIRQ                          build/stm32f4xx_hal_cortex.o
HAL_NVIC_DisableIRQ                               build/stm32f4xx_hal_cortex.o
                                                  build/usart.o
HAL_NVIC_EnableIRQ                                build/stm32f4xx_hal_cortex.o
                                                  build/usart.o
                                                  build/dma.o
HAL_NVIC_GetActive                                build/stm32f4xx_hal_cortex.o
HAL_NVIC_GetPendingIRQ                            build/stm32f4xx_hal_cortex.o
HAL_NVIC_GetPriority                              build/stm32f4xx_hal_cortex.o
HAL_NVIC_GetPriorityGrouping                      build/stm32f4xx_hal_cortex.o
HAL_NVIC_SetPendingIRQ                            build/stm32f4xx_hal_cortex.o
HAL_NVIC_SetPriority                              build/stm32f4xx_hal_cortex.o
                                                  build/stm32f4xx_hal.o
                                                  build/stm32f4xx_hal_msp.o
                                                  build/usart.o
                                                  build/dma.o
HAL_NVIC_SetPriorityGrouping                      build/stm32f4xx_hal_cortex.o
                                                  build/stm32f4xx_hal.o
HAL_NVIC_SystemReset                              build/stm32f4xx_hal_cortex.o
HAL_PWREx_ControlVoltageScaling                   build/stm32f4xx_hal_pwr_ex.o
HAL_PWREx_DisableBkUpReg                          build/stm32f4xx_hal_pwr_ex.o
HAL_PWREx_DisableFlashPowerDown                   build/stm32f4xx_hal_pwr_ex.o
HAL_PWREx_EnableBkUpReg                           build/stm32f4xx_hal_pwr_ex.o
HAL_PWREx_EnableFlashPowerDown                    build/stm32f4xx_hal_pwr_ex.o
HAL_PWREx_GetVoltageRange                         build/stm32f4xx_hal_pwr_ex.o
HAL_PWR_ConfigPVD                                 build/stm32f4xx_hal_pwr.o
HAL_PWR_DeInit                                    build/stm32f4xx_hal_pwr.o
HAL_PWR_DisableBkUpAccess                         build/stm32f4xx_hal_pwr.o
HAL_PWR_DisablePVD                                build/stm32f4xx_hal_pwr.o
HAL_PWR_DisableSEVOnPend                          build/stm32f4xx_hal_pwr.o
HAL_PWR_DisableSleepOnExit                        build/stm32f4xx_hal_pwr.o
HAL_PWR_DisableWakeUpPin                          build/stm32f4xx_hal_pwr.o
HAL_PWR_EnableBkUpAccess                          build/stm32f4xx_hal_pwr.o
HAL_PWR_EnablePVD                                 build/stm32f4xx_hal_pwr.o
HAL_PWR_EnableSEVOnPend                           build/stm32f4xx_hal_pwr.o
HAL_PWR_EnableSleepOnExit                         build/stm32f4xx_hal_pwr.o
HAL_PWR_EnableWakeUpPin                           build/stm32f4xx_hal_pwr.o
HAL_PWR_EnterSLEEPMode                            build/stm32f4xx_hal_pwr.o
HAL_PWR_EnterSTANDBYMode                          build/stm32f4xx_hal_pwr.o
HAL_PWR_EnterSTOPMode                             build/stm32f4xx_hal_pwr.o
HAL_PWR_PVDCallback                               build/stm32f4xx_hal_pwr.o
HAL_PWR_PVD_IRQHandler                            build/stm32f4xx_hal_pwr.o
HAL_RCCEx_DisablePLLI2S                           build/stm32f4xx_hal_rcc_ex.o
HAL_RCCEx_EnablePLLI2S                            build/stm32f4xx_hal_rcc_ex.o
HAL_RCCEx_GetPeriphCLKConfig                      build/stm32f4xx_hal_rcc_ex.o
HAL_RCCEx_GetPeriphCLKFreq                        build/stm32f4xx_hal_rcc_ex.o
HAL_RCCEx_PeriphCLKConfig                         build/stm32f4xx_hal_rcc_ex.o
HAL_RCC_CSSCallback                               build/stm32f4xx_hal_rcc.o
HAL_RCC_ClockConfig                               build/stm32f4xx_hal_rcc.o
                                                  build/main.o
HAL_RCC_DeInit                                    build/stm32f4xx_hal_rcc_ex.o
                                                  build/stm32f4xx_hal_rcc.o
HAL_RCC_DisableCSS                                build/stm32f4xx_hal_rcc.o
HAL_RCC_EnableCSS                                 build/stm32f4xx_hal_rcc.o
HAL_RCC_GetClockConfig                            build/stm32f4xx_hal_rcc.o
HAL_RCC_GetHCLKFreq                               build/stm32f4xx_hal_rcc.o
HAL_RCC_GetOscConfig                              build/stm32f4xx_hal_rcc.o
HAL_RCC_GetPCLK1Freq                              build/stm32f4xx_hal_rcc.o
                                                  build/stm32f4xx_hal_uart.o
HAL_RCC_GetPCLK2Freq                              build/stm32f4xx_hal_rcc.o
                                                  build/stm32f4xx_hal_uart.o
HAL_RCC_GetSysClockFreq                           build/stm32f4xx_hal_rcc.o
HAL_RCC_MCOConfig                                 build/stm32f4xx_hal_rcc.o
HAL_RCC_NMI_IRQHandler                            build/stm32f4xx_hal_rcc.o
HAL_RCC_OscConfig                                 build/stm32f4xx_hal_rcc.o
                                                  build/main.o
HAL_ResumeTick                                    build/stm32f4xx_hal.o
HAL_SYSTICK_CLKSourceConfig                       build/stm32f4xx_hal_cortex.o
HAL_SYSTICK_Callback                              build/stm32f4xx_hal_cortex.o
HAL_SYSTICK_Config                                build/stm32f4xx_hal_cortex.o
                                                  build/stm32f4xx_hal.o
HAL_SYSTICK_IRQHandler                            build/stm32f4xx_hal_cortex.o
HAL_SetTickFreq                                   build/stm32f4xx_hal.o
HAL_SuspendTick                                   build/stm32f4xx_hal.o
HAL_UARTEx_GetRxEventType                         build/stm32f4xx_hal_uart.o
HAL_UARTEx_ReceiveToIdle                          build/stm32f4xx_hal_uart.o
HAL_UARTEx_ReceiveToIdle_DMA                      build/stm32f4xx_hal_uart.o
HAL_UARTEx_ReceiveToIdle_IT                       build/stm32f4xx_hal_uart.o
HAL_UARTEx_RxEventCallback                        build/stm32f4xx_hal_uart.o
HAL_UART_Abort                                    build/stm32f4xx_hal_uart.o
HAL_UART_AbortCpltCallback                        build/stm32f4xx_hal_uart.o
HAL_UART_AbortReceive                             build/stm32f4xx_hal_uart.o
HAL_UART_AbortReceiveCpltCallback                 build/stm32f4xx_hal_uart.o
HAL_UART_AbortReceive_IT                          build/stm32f4xx_hal_uart.o
HAL_UART_AbortTransmit                            build/stm32f4xx_hal_uart.o
HAL_UART_AbortTransmitCpltCallback                build/stm32f4xx_hal_uart.o
HAL_UART_AbortTransmit_IT                         build/stm32f4xx_hal_uart.o
HAL_UART_Abort_IT                                 build/stm32f4xx_hal_uart.o
HAL_UART_DMAPause                                 build/stm32f4xx_hal_uart.o
HAL_UART_DMAResume                                build/stm32f4xx_hal_uart.o
HAL_UART_DMAStop                                  build/stm32f4xx_hal_uart.o
HAL_UART_DeInit                                   build/stm32f4xx_hal_uart.o
HAL_UART_ErrorCallback                            build/stm32f4xx_hal_uart.o
HAL_UART_GetError                                 build/stm32f4xx_hal_uart.o
HAL_UART_GetState                                 build/stm32f4xx_hal_uart.o
HAL_UART_IRQHandler                               build/stm32f4xx_hal_uart.o
                                                  build/stm32f4xx_it.o
HAL_UART_Init                                     build/stm32f4xx_hal_uart.o
                                                  build/usart.o
HAL_UART_MspDeInit                                build/usart.o
HAL_UART_MspInit                                  build/usart.o
HAL_UART_Receive                                  build/stm32f4xx_hal_uart.o
HAL_UART_Receive_DMA                              build/stm32f4xx_hal_uart.o
HAL_UART_Receive_IT                               build/stm32f4xx_hal_uart.o
HAL_UART_RxCpltCallback                           build/stm32f4xx_hal_uart.o
HAL_UART_RxHalfCpltCallback                       build/stm32f4xx_hal_uart.o
HAL_UART_Transmit                                 build/stm32f4xx_hal_uart.o
                                                  build/bsp_usart.o
HAL_UART_Transmit_DMA                             build/stm32f4xx_hal_uart.o
HAL_UART_Transmit_IT                              build/stm32f4xx_hal_uart.o
HAL_UART_TxCpltCallback                           build/stm32f4xx_hal_uart.o
HAL_UART_TxHalfCpltCallback                       build/stm32f4xx_hal_uart.o
HASH_RNG_IRQHandler                               build/startup_stm32f407xx.o
HardFault_Handler                                 build/stm32f4xx_it.o
I2C1_ER_IRQHandler                                build/startup_stm32f407xx.o
I2C1_EV_IRQHandler                                build/startup_stm32f407xx.o
I2C2_ER_IRQHandler                                build/startup_stm32f407xx.o
I2C2_EV_IRQHandler                                build/startup_stm32f407xx.o
I2C3_ER_IRQHandler                                build/startup_stm32f407xx.o
I2C3_EV_IRQHandler                                build/startup_stm32f407xx.o
MX_DMA_Init                                       build/dma.o
                                                  build/main.o
MX_FREERTOS_Init                                  build/freertos.o
                                                  build/main.o
MX_GPIO_Init                                      build/gpio.o
                                                  build/main.o
MX_USART1_UART_Init                               build/usart.o
                                                  build/main.o
MX_USART3_UART_Init                               build/usart.o
                                                  build/main.o
MemManage_Handler                                 build/stm32f4xx_it.o
NMI_Handler                                       build/stm32f4xx_it.o
OTG_FS_IRQHandler                                 build/startup_stm32f407xx.o
OTG_FS_WKUP_IRQHandler                            build/startup_stm32f407xx.o
OTG_HS_EP1_IN_IRQHandler                          build/startup_stm32f407xx.o
OTG_HS_EP1_OUT_IRQHandler                         build/startup_stm32f407xx.o
OTG_HS_IRQHandler                                 build/startup_stm32f407xx.o
OTG_HS_WKUP_IRQHandler                            build/startup_stm32f407xx.o
PVD_IRQHandler                                    build/startup_stm32f407xx.o
PendSV_Handler                                    build/port.o
RCC_IRQHandler                                    build/startup_stm32f407xx.o
RC_controlHandle                                  build/freertos.o
RC_init                                           build/RC_task.o
RC_task                                           build/RC_task.o
                                                  build/freertos.o
RTC_Alarm_IRQHandler                              build/startup_stm32f407xx.o
RTC_WKUP_IRQHandler                               build/startup_stm32f407xx.o
Reset_Handler                                     build/startup_stm32f407xx.o
SDIO_IRQHandler                                   build/startup_stm32f407xx.o
SPI1_IRQHandler                                   build/startup_stm32f407xx.o
SPI2_IRQHandler                                   build/startup_stm32f407xx.o
SPI3_IRQHandler                                   build/startup_stm32f407xx.o
SVC_Handler                                       build/port.o
StartDefaultTask                                  build/freertos.o
SysTick_Handler                                   build/stm32f4xx_it.o
SystemClock_Config                                build/main.o
SystemCoreClock                                   build/system_stm32f4xx.o
                                                  build/port.o
                                                  build/stm32f4xx_hal.o
                                                  build/stm32f4xx_hal_dma.o
                                                  build/stm32f4xx_hal_rcc_ex.o
                                                  build/stm32f4xx_hal_rcc.o
SystemCoreClockUpdate                             build/system_stm32f4xx.o
SystemInit                                        build/system_stm32f4xx.o
                                                  build/startup_stm32f407xx.o
TAMP_STAMP_IRQHandler                             build/startup_stm32f407xx.o
TIM1_BRK_TIM9_IRQHandler                          build/startup_stm32f407xx.o
TIM1_CC_IRQHandler                                build/startup_stm32f407xx.o
TIM1_TRG_COM_TIM11_IRQHandler                     build/startup_stm32f407xx.o
TIM1_UP_TIM10_IRQHandler                          build/startup_stm32f407xx.o
TIM2_IRQHandler                                   build/startup_stm32f407xx.o
TIM3_IRQHandler                                   build/startup_stm32f407xx.o
TIM4_IRQHandler                                   build/startup_stm32f407xx.o
TIM5_IRQHandler                                   build/startup_stm32f407xx.o
TIM6_DAC_IRQHandler                               build/startup_stm32f407xx.o
TIM7_IRQHandler                                   build/startup_stm32f407xx.o
TIM8_BRK_TIM12_IRQHandler                         build/startup_stm32f407xx.o
TIM8_CC_IRQHandler                                build/startup_stm32f407xx.o
TIM8_TRG_COM_TIM14_IRQHandler                     build/startup_stm32f407xx.o
TIM8_UP_TIM13_IRQHandler                          build/startup_stm32f407xx.o
UART4_IRQHandler                                  build/startup_stm32f407xx.o
UART5_IRQHandler                                  build/startup_stm32f407xx.o
UART_Start_Receive_DMA                            build/stm32f4xx_hal_uart.o
UART_Start_Receive_IT                             build/stm32f4xx_hal_uart.o
USART1_IRQHandler                                 build/stm32f4xx_it.o
USART2_IRQHandler                                 build/startup_stm32f407xx.o
USART3_IRQHandler                                 build/RC_task.o
USART6_IRQHandler                                 build/startup_stm32f407xx.o
UsageFault_Handler                                build/stm32f4xx_it.o
WWDG_IRQHandler                                   build/startup_stm32f407xx.o
_Min_Stack_Size                                   build/sysmem.o
__aeabi_idiv0                                     e:/arm-gnu/arm/bin/../lib/gcc/arm-none-eabi/10.3.1/thumb/v7e-m+fp/hard\libgcc.a(_dvmd_tls.o)
__aeabi_ldiv0                                     e:/arm-gnu/arm/bin/../lib/gcc/arm-none-eabi/10.3.1/thumb/v7e-m+fp/hard\libgcc.a(_dvmd_tls.o)
                                                  e:/arm-gnu/arm/bin/../lib/gcc/arm-none-eabi/10.3.1/thumb/v7e-m+fp/hard\libgcc.a(_aeabi_uldivmod.o)
__aeabi_uldivmod                                  e:/arm-gnu/arm/bin/../lib/gcc/arm-none-eabi/10.3.1/thumb/v7e-m+fp/hard\libgcc.a(_aeabi_uldivmod.o)
                                                  build/stm32f4xx_hal_uart.o
                                                  build/stm32f4xx_hal_rcc.o
__bss_end__                                       e:/arm-gnu/arm/bin/../lib/gcc/arm-none-eabi/10.3.1/../../../../arm-none-eabi/lib/thumb/v7e-m+fp/hard/crt0.o
__bss_start__                                     e:/arm-gnu/arm/bin/../lib/gcc/arm-none-eabi/10.3.1/../../../../arm-none-eabi/lib/thumb/v7e-m+fp/hard/crt0.o
__call_exitprocs                                  e:/arm-gnu/arm/bin/../lib/gcc/arm-none-eabi/10.3.1/../../../../arm-none-eabi/lib/thumb/v7e-m+fp/hard\libc_nano.a(lib_a-exit.o)
__deregister_frame_info                           e:/arm-gnu/arm/bin/../lib/gcc/arm-none-eabi/10.3.1/thumb/v7e-m+fp/hard/crtbegin.o
__dso_handle                                      e:/arm-gnu/arm/bin/../lib/gcc/arm-none-eabi/10.3.1/thumb/v7e-m+fp/hard/crtbegin.o
__env                                             build/syscalls.o
__errno                                           e:/arm-gnu/arm/bin/../lib/gcc/arm-none-eabi/10.3.1/../../../../arm-none-eabi/lib/thumb/v7e-m+fp/hard\libc_nano.a(lib_a-errno.o)
                                                  build/syscalls.o
                                                  build/sysmem.o
__init_array_end                                  e:/arm-gnu/arm/bin/../lib/gcc/arm-none-eabi/10.3.1/../../../../arm-none-eabi/lib/thumb/v7e-m+fp/hard\libc_nano.a(lib_a-init.o)
__init_array_start                                e:/arm-gnu/arm/bin/../lib/gcc/arm-none-eabi/10.3.1/../../../../arm-none-eabi/lib/thumb/v7e-m+fp/hard\libc_nano.a(lib_a-init.o)
__io_getchar                                      build/syscalls.o
__io_putchar                                      build/syscalls.o
__libc_fini_array                                 e:/arm-gnu/arm/bin/../lib/gcc/arm-none-eabi/10.3.1/../../../../arm-none-eabi/lib/thumb/v7e-m+fp/hard/crt0.o
__libc_init_array                                 e:/arm-gnu/arm/bin/../lib/gcc/arm-none-eabi/10.3.1/../../../../arm-none-eabi/lib/thumb/v7e-m+fp/hard\libc_nano.a(lib_a-init.o)
                                                  build/startup_stm32f407xx.o
                                                  e:/arm-gnu/arm/bin/../lib/gcc/arm-none-eabi/10.3.1/../../../../arm-none-eabi/lib/thumb/v7e-m+fp/hard/crt0.o
__lock___arc4random_mutex                         e:/arm-gnu/arm/bin/../lib/gcc/arm-none-eabi/10.3.1/../../../../arm-none-eabi/lib/thumb/v7e-m+fp/hard\libc_nano.a(lib_a-lock.o)
__lock___at_quick_exit_mutex                      e:/arm-gnu/arm/bin/../lib/gcc/arm-none-eabi/10.3.1/../../../../arm-none-eabi/lib/thumb/v7e-m+fp/hard\libc_nano.a(lib_a-lock.o)
__lock___atexit_recursive_mutex                   e:/arm-gnu/arm/bin/../lib/gcc/arm-none-eabi/10.3.1/../../../../arm-none-eabi/lib/thumb/v7e-m+fp/hard\libc_nano.a(lib_a-lock.o)
__lock___dd_hash_mutex                            e:/arm-gnu/arm/bin/../lib/gcc/arm-none-eabi/10.3.1/../../../../arm-none-eabi/lib/thumb/v7e-m+fp/hard\libc_nano.a(lib_a-lock.o)
__lock___env_recursive_mutex                      e:/arm-gnu/arm/bin/../lib/gcc/arm-none-eabi/10.3.1/../../../../arm-none-eabi/lib/thumb/v7e-m+fp/hard\libc_nano.a(lib_a-lock.o)
__lock___malloc_recursive_mutex                   e:/arm-gnu/arm/bin/../lib/gcc/arm-none-eabi/10.3.1/../../../../arm-none-eabi/lib/thumb/v7e-m+fp/hard\libc_nano.a(lib_a-lock.o)